 CuteCar

 Timestamp is 44e717d2 (Sat Aug 19 21:53:22 2006)

 Preferred load address is 00400000

 Start         Length     Name                   Class
 0001:00000000 00044ec2H .text                   CODE
 0001:00044ed0 00001672H .text$x                 CODE
 0001:00046550 00000241H .text$yc                CODE
 0001:000467a0 0000005fH .text$yd                CODE
 0002:00000000 000004bcH .idata$5                DATA
 0002:000004c0 0000c198H .rdata                  DATA
 0002:0000c658 0000006dH .rdata$debug            DATA
 0002:0000c6c8 00000244H .rdata$r                DATA
 0002:0000c910 000001d4H .rdata$sxdata           DATA
 0002:0000cae4 00000004H .rtc$IAA                DATA
 0002:0000cae8 00000004H .rtc$IZZ                DATA
 0002:0000caec 00000004H .rtc$TAA                DATA
 0002:0000caf0 00000004H .rtc$TZZ                DATA
 0002:0000caf4 00001b84H .xdata$x                DATA
 0002:0000e678 000000b4H .idata$2                DATA
 0002:0000e72c 00000014H .idata$3                DATA
 0002:0000e740 000004bcH .idata$4                DATA
 0002:0000ebfc 0000335aH .idata$6                DATA
 0002:00011f56 00000000H .edata                  DATA
 0003:00000000 00000004H .CRT$XCA                DATA
 0003:00000004 00000004H .CRT$XCAA               DATA
 0003:00000008 00000024H .CRT$XCU                DATA
 0003:0000002c 00000004H .CRT$XCZ                DATA
 0003:00000030 00000004H .CRT$XIA                DATA
 0003:00000034 00000010H .CRT$XIC                DATA
 0003:00000044 00000004H .CRT$XIY                DATA
 0003:00000048 00000004H .CRT$XIZ                DATA
 0003:0000004c 00000004H .CRT$XPA                DATA
 0003:00000050 00000004H .CRT$XPX                DATA
 0003:00000054 00000004H .CRT$XPZ                DATA
 0003:00000058 00000004H .CRT$XTA                DATA
 0003:0000005c 00000004H .CRT$XTB                DATA
 0003:00000060 00000004H .CRT$XTZ                DATA
 0003:00000070 00001420H .data                   DATA
 0003:000014a0 00001bc8H .bss                    DATA

  Address         Publics by Value              Rva+Base     Lib:Object

 0000:00000000       __except_list              00000000     <absolute>
 0000:00000075       ___safe_se_handler_count   00000075     <absolute>
 0001:00000000       ??0AudioClass@@QAE@PAUHWND__@@_N@Z 00401000 f   AudioClass.obj
 0001:00000050       ??1AudioClass@@QAE@XZ      00401050 f   AudioClass.obj
 0001:000000d0       ?Initialize@AudioClass@@QAEJXZ 004010d0 f   AudioClass.obj
 0001:00000130       ?InitializeMgr@AudioClass@@AAEJXZ 00401130 f   AudioClass.obj
 0001:000001b0       ?SetPrimaryBufferFormat@AudioClass@@AAEJKKK@Z 004011b0 f   AudioClass.obj
 0001:000002d0       ?Get3DListenerInterface@AudioClass@@AAEJXZ 004012d0 f   AudioClass.obj
 0001:00000370       ?SetListenerParameters@AudioClass@@QAEXMM@Z 00401370 f   AudioClass.obj
 0001:00000410       ?SetListenerPosition@AudioClass@@QAEXU_D3DVECTOR@@@Z 00401410 f   AudioClass.obj
 0001:00000490       ?SetListenerPosition@AudioClass@@QAEXMMM@Z 00401490 f   AudioClass.obj
 0001:000004e0       ?SetListenerVelocity@AudioClass@@QAEXU_D3DVECTOR@@@Z 004014e0 f   AudioClass.obj
 0001:00000560       ?SetListenerVelocity@AudioClass@@QAEXMMM@Z 00401560 f   AudioClass.obj
 0001:000005b0       ?SetListenerOrientFront@AudioClass@@QAEXU_D3DVECTOR@@@Z 004015b0 f   AudioClass.obj
 0001:00000630       ?SetListenerOrientFront@AudioClass@@QAEXMMM@Z 00401630 f   AudioClass.obj
 0001:00000680       ?SetListenerOrientTop@AudioClass@@QAEXU_D3DVECTOR@@@Z 00401680 f   AudioClass.obj
 0001:00000700       ?SetListenerOrientTop@AudioClass@@QAEXMMM@Z 00401700 f   AudioClass.obj
 0001:00000750       ??0SoundClass@@QAE@PAVAudioClass@@@Z 00401750 f   AudioClass.obj
 0001:000007c0       ??0SoundClass@@QAE@PAVAudioClass@@PAD@Z 004017c0 f   AudioClass.obj
 0001:00000840       ??1SoundClass@@UAE@XZ      00401840 f   AudioClass.obj
 0001:000008f0       ?CreateBuffer@SoundClass@@QAEJPAD@Z 004018f0 f   AudioClass.obj
 0001:00001030       ?CreateBuffer@SoundClass@@QAEJPAEKPAUtWAVEFORMATEX@@@Z 00402030 f   AudioClass.obj
 0001:000013a0       ?Get3DBufferInterface@SoundClass@@IAEJXZ 004023a0 f   AudioClass.obj
 0001:00001450       ?FillBufferWithSound@SoundClass@@IAEJ_N@Z 00402450 f   AudioClass.obj
 0001:00001620       ?RestoreBuffer@SoundClass@@IAEJPA_N@Z 00402620 f   AudioClass.obj
 0001:000016c0       ?Play@SoundClass@@QAEJKJJJ@Z 004026c0 f   AudioClass.obj
 0001:00001710       ?Stop@SoundClass@@QAEJXZ   00402710 f   AudioClass.obj
 0001:00001750       ?Reset@SoundClass@@QAEJXZ  00402750 f   AudioClass.obj
 0001:00001790       ?IsSoundPlaying@SoundClass@@QAE_NXZ 00402790 f   AudioClass.obj
 0001:000017e0       ?SetMinDistance@SoundClass@@QAEXM@Z 004027e0 f   AudioClass.obj
 0001:00001850       ?SetMaxDistance@SoundClass@@QAEXM@Z 00402850 f   AudioClass.obj
 0001:000018c0       ?SetPosition@SoundClass@@QAEXU_D3DVECTOR@@@Z 004028c0 f   AudioClass.obj
 0001:00001940       ?SetPosition@SoundClass@@QAEXMMM@Z 00402940 f   AudioClass.obj
 0001:000019a0       ?SetVelocity@SoundClass@@QAEXU_D3DVECTOR@@@Z 004029a0 f   AudioClass.obj
 0001:00001a20       ?SetVelocity@SoundClass@@QAEXMMM@Z 00402a20 f   AudioClass.obj
 0001:00001a80       ?SetConeOrientation@SoundClass@@QAEXU_D3DVECTOR@@@Z 00402a80 f   AudioClass.obj
 0001:00001b00       ?SetConeOrientation@SoundClass@@QAEXMMM@Z 00402b00 f   AudioClass.obj
 0001:00001b60       ?SetInsideConeAngle@SoundClass@@QAEXK@Z 00402b60 f   AudioClass.obj
 0001:00001bd0       ?SetOutsideConeAngle@SoundClass@@QAEXK@Z 00402bd0 f   AudioClass.obj
 0001:00001c40       ?SetConeOutsideVolume@SoundClass@@QAEXJ@Z 00402c40 f   AudioClass.obj
 0001:00001cb0       ??0WaveClass@@QAE@XZ       00402cb0 f   AudioClass.obj
 0001:00001d00       ??1WaveClass@@QAE@XZ       00402d00 f   AudioClass.obj
 0001:00001d50       ?Open@WaveClass@@QAEJPADPAUtWAVEFORMATEX@@K@Z 00402d50 f   AudioClass.obj
 0001:00001fd0       ?OpenFromMemory@WaveClass@@QAEJPAEKPAUtWAVEFORMATEX@@K@Z 00402fd0 f   AudioClass.obj
 0001:00002030       ?ReadMMIO@WaveClass@@IAEJXZ 00403030 f   AudioClass.obj
 0001:00002250       ?GetSize@WaveClass@@QAEKXZ 00403250 f   AudioClass.obj
 0001:00002270       ?ResetFile@WaveClass@@QAEJXZ 00403270 f   AudioClass.obj
 0001:00002370       ?Read@WaveClass@@QAEJPAEKPAK@Z 00403370 f   AudioClass.obj
 0001:00002540       ?Close@WaveClass@@QAEJXZ   00403540 f   AudioClass.obj
 0001:00002710       ?WriteMMIO@WaveClass@@IAEJPAUtWAVEFORMATEX@@@Z 00403710 f   AudioClass.obj
 0001:00002890       ?Write@WaveClass@@QAEJIPAEPAI@Z 00403890 f   AudioClass.obj
 0001:00002980       ??_GSoundClass@@UAEPAXI@Z  00403980 f i AudioClass.obj
 0001:00002980       ??_ESoundClass@@UAEPAXI@Z  00403980 f i AudioClass.obj
 0001:000029b0       ??_GWaveClass@@QAEPAXI@Z   004039b0 f i AudioClass.obj
 0001:000029e0       ?Is3D@AudioClass@@QAE_NXZ  004039e0 f i AudioClass.obj
 0001:00002a00       ?GetDirectSound@AudioClass@@QAEPAUIDirectSound8@@XZ 00403a00 f i AudioClass.obj
 0001:00002a20       ?GetFormat@WaveClass@@QAEPAUtWAVEFORMATEX@@XZ 00403a20 f i AudioClass.obj
 0001:00002a30       ??_H@YGXPAXIHP6EPAX0@Z@Z   00403a30 f i CuteCar.obj
 0001:00002a60       ??2@YAPAXI@Z               00403a60 f i CuteCar.obj
 0001:00002aa0       ??3@YAXPAX@Z               00403aa0 f i CuteCar.obj
 0001:00002ac0       ?convertOgreButtonToCegui@@YA?AW4MouseButton@CEGUI@@H@Z 00403ac0 f   CuteCar.obj
 0001:00002b90       _WinMain@16                00403b90 f   CuteCar.obj
 0001:00002c50       ??_EAllVehicleInfoOgre@@QAEPAXI@Z 00403c50 f i CuteCar.obj
 0001:00002cc0       ??_V@YAXPAX@Z              00403cc0 f i CuteCar.obj
 0001:00002ce0       ??1AllVehicleInfoOgre@@QAE@XZ 00403ce0 f i CuteCar.obj
 0001:00002d00       ?go@ExampleApplication@@UAEXXZ 00403d00 f i CuteCar.obj
 0001:00002d40       ??0CuteCarApplication@@QAE@XZ 00403d40 f i CuteCar.obj
 0001:00002d60       ??0ExampleApplication@@QAE@XZ 00403d60 f i CuteCar.obj
 0001:00002d90       ?setup@ExampleApplication@@MAE_NXZ 00403d90 f i CuteCar.obj
 0001:00002f50       ?configure@ExampleApplication@@MAE_NXZ 00403f50 f i CuteCar.obj
 0001:00002fd0       ?chooseSceneManager@ExampleApplication@@MAEXXZ 00403fd0 f i CuteCar.obj
 0001:00003040       ?createCamera@ExampleApplication@@MAEXXZ 00404040 f i CuteCar.obj
 0001:00003110       ?createFrameListener@ExampleApplication@@MAEXXZ 00404110 f i CuteCar.obj
 0001:000031c0       ??0ExampleFrameListener@@QAE@PAVRenderWindow@Ogre@@PAVCamera@2@_N2@Z 004041c0 f i CuteCar.obj
 0001:00003490       ??0Radian@Ogre@@QAE@M@Z    00404490 f i CuteCar.obj
 0001:000034b0       ??0Degree@Ogre@@QAE@M@Z    004044b0 f i CuteCar.obj
 0001:000034d0       ??4Degree@Ogre@@QAEABV01@ABM@Z 004044d0 f i CuteCar.obj
 0001:000034f0       ?processUnbufferedKeyInput@ExampleFrameListener@@UAE_NABUFrameEvent@Ogre@@@Z 004044f0 f i CuteCar.obj
 0001:00003e60       ??GDegree@Ogre@@QAE?AV01@XZ 00404e60 f i CuteCar.obj
 0001:00003e90       ??0Radian@Ogre@@QAE@ABVDegree@1@@Z 00404e90 f i CuteCar.obj
 0001:00003eb0       ?valueRadians@Degree@Ogre@@QBEMXZ 00404eb0 f i CuteCar.obj
 0001:00003ed0       ?showDebugOverlay@ExampleFrameListener@@QAEX_N@Z 00404ed0 f i CuteCar.obj
 0001:00003f10       ?frameStarted@ExampleFrameListener@@UAE_NABUFrameEvent@Ogre@@@Z 00404f10 f i CuteCar.obj
 0001:000040c0       ??4Radian@Ogre@@QAEABV01@ABM@Z 004050c0 f i CuteCar.obj
 0001:000040e0       ??4Degree@Ogre@@QAEABV01@ABV01@@Z 004050e0 f i CuteCar.obj
 0001:00004100       ??DDegree@Ogre@@QBE?AV01@M@Z 00405100 f i CuteCar.obj
 0001:00004130       ?processUnbufferedMouseInput@ExampleFrameListener@@QAE_NABUFrameEvent@Ogre@@@Z 00405130 f i CuteCar.obj
 0001:00004230       ??4Radian@Ogre@@QAEABV01@ABVDegree@1@@Z 00405230 f i CuteCar.obj
 0001:00004250       ?moveCamera@ExampleFrameListener@@QAEXXZ 00405250 f i CuteCar.obj
 0001:000042a0       ?frameEnded@ExampleFrameListener@@UAE_NABUFrameEvent@Ogre@@@Z 004052a0 f i CuteCar.obj
 0001:000042c0       ?updateStats@ExampleFrameListener@@IAEXXZ 004052c0 f i CuteCar.obj
 0001:00004ba0       ?switchMouseMode@ExampleFrameListener@@QAEXXZ 00405ba0 f i CuteCar.obj
 0001:00004be0       ?switchKeyMode@ExampleFrameListener@@QAEXXZ 00405be0 f i CuteCar.obj
 0001:00004c20       ?keyClicked@ExampleFrameListener@@UAEXPAVKeyEvent@Ogre@@@Z 00405c20 f i CuteCar.obj
 0001:00004c70       ?keyPressed@ExampleFrameListener@@UAEXPAVKeyEvent@Ogre@@@Z 00405c70 f i CuteCar.obj
 0001:00004c80       ?keyReleased@ExampleFrameListener@@UAEXPAVKeyEvent@Ogre@@@Z 00405c80 f i CuteCar.obj
 0001:00004c90       ??_EExampleFrameListener@@UAEPAXI@Z 00405c90 f i CuteCar.obj
 0001:00004c90       ??_GExampleFrameListener@@UAEPAXI@Z 00405c90 f i CuteCar.obj
 0001:00004cc0       ??1ExampleFrameListener@@UAE@XZ 00405cc0 f i CuteCar.obj
 0001:00004d90       ??_EEventProcessor@Ogre@@UAEPAXI@Z 00405d90 f i CuteCar.obj
 0001:00004d90       ??_GEventProcessor@Ogre@@UAEPAXI@Z 00405d90 f i CuteCar.obj
 0001:00004dc0       ?destroyScene@ExampleApplication@@MAEXXZ 00405dc0 f i CuteCar.obj
 0001:00004dd0       ?createViewports@ExampleApplication@@MAEXXZ 00405dd0 f i CuteCar.obj
 0001:00004e70       ?setupResources@ExampleApplication@@MAEXXZ 00405e70 f i CuteCar.obj
 0001:00005080       ?createResourceListener@ExampleApplication@@MAEXXZ 00406080 f i CuteCar.obj
 0001:00005090       ?loadResources@ExampleApplication@@MAEXXZ 00406090 f i CuteCar.obj
 0001:000050b0       ??_GExampleApplication@@UAEPAXI@Z 004060b0 f i CuteCar.obj
 0001:000050b0       ??_EExampleApplication@@UAEPAXI@Z 004060b0 f i CuteCar.obj
 0001:000050e0       ??1ExampleApplication@@UAE@XZ 004060e0 f i CuteCar.obj
 0001:00005170       ??_GRoot@Ogre@@QAEPAXI@Z   00406170 f i CuteCar.obj
 0001:000051a0       ??1CuteCarApplication@@UAE@XZ 004061a0 f i CuteCar.obj
 0001:000051c0       ?chooseSceneManager@CuteCarApplication@@UAEXXZ 004061c0 f i CuteCar.obj
 0001:000051f0       ?createCamera@CuteCarApplication@@UAEXXZ 004061f0 f i CuteCar.obj
 0001:00005300       ?createScene@CuteCarApplication@@UAEXXZ 00406300 f i CuteCar.obj
 0001:00005310       ?createFrameListener@CuteCarApplication@@UAEXXZ 00406310 f i CuteCar.obj
 0001:000053c0       ??0CuteCarFrameListener@@QAE@PAVRenderWindow@Ogre@@PAVCamera@2@PAVSceneManager@2@@Z 004063c0 f i CuteCar.obj
 0001:00006540       ??0VehicleInfo@@QAE@XZ     00407540 f i CuteCar.obj
 0001:000065c0       ?getNxScene@NxTerrain@@QAEPAVNxScene@@XZ 004075c0 f i CuteCar.obj
 0001:000065e0       ?initTerrainItem@NxTerrain@@QAEXPAVNxScene@@@Z 004075e0 f i CuteCar.obj
 0001:00006600       ?addScratchLine@NxTerrain@@QAEXXZ 00407600 f i CuteCar.obj
 0001:00006610       ?SetDefer@AudioClass@@QAEX_N@Z 00407610 f i CuteCar.obj
 0001:00006630       ?SetLoop@SoundClass@@QAEX_N@Z 00407630 f i CuteCar.obj
 0001:00006650       ?GetBuffer@SoundClass@@QAEPAUIDirectSoundBuffer@@XZ 00407650 f i CuteCar.obj
 0001:00006670       ?toNx@NxOgreConvertor@@SA?AVNxVec3@@ABVVector3@Ogre@@@Z 00407670 f i CuteCar.obj
 0001:000066a0       ??0NxVec3@@QAE@MMM@Z       004076a0 f i CuteCar.obj
 0001:000066d0       ?loadMain@CuteCarFrameListener@@QAEXXZ 004076d0 f i CuteCar.obj
 0001:000067f0       ?closesheet@CuteCarFrameListener@@QAEXXZ 004077f0 f i CuteCar.obj
 0001:00006960       ?setupEventHandlers@CuteCarFrameListener@@QAEXXZ 00407960 f i CuteCar.obj
 0001:00006d60       ?ModeSpeed@CuteCarFrameListener@@QAE_NABVEventArgs@CEGUI@@@Z 00407d60 f i CuteCar.obj
 0001:00006db0       ?playscheme@CuteCarFrameListener@@QAEXXZ 00407db0 f i CuteCar.obj
 0001:000078e0       ?ModeDeath@CuteCarFrameListener@@QAE_NABVEventArgs@CEGUI@@@Z 004088e0 f i CuteCar.obj
 0001:00007930       ?handleHelp@CuteCarFrameListener@@QAE_NABVEventArgs@CEGUI@@@Z 00408930 f i CuteCar.obj
 0001:00007a50       ?handlePlace@CuteCarFrameListener@@QAE_NABVEventArgs@CEGUI@@@Z 00408a50 f i CuteCar.obj
 0001:00008260       ?i2TimeString@CuteCarFrameListener@@QAE?AV?$basic_string@DU?$char_traits@D@std@@V?$allocator@D@2@@std@@H@Z 00409260 f i CuteCar.obj
 0001:00008330       ?handleQuit@CuteCarFrameListener@@QAE_NABVEventArgs@CEGUI@@@Z 00409330 f i CuteCar.obj
 0001:00008350       ?setTime@CuteCarFrameListener@@QAEXH@Z 00409350 f i CuteCar.obj
 0001:00008470       ?setSpeed@CuteCarFrameListener@@QAEXH@Z 00409470 f i CuteCar.obj
 0001:00008510       ?frameStarted@CuteCarFrameListener@@UAE_NABUFrameEvent@Ogre@@@Z 00409510 f i CuteCar.obj
 0001:00009b60       ?rand@NxMath@@SAHHH@Z      0040ab60 f i CuteCar.obj
 0001:00009b80       ?getItemId@NxTerrainItem@@QAEHXZ 0040ab80 f i CuteCar.obj
 0001:00009ba0       ?getNumUser@NxTerrain@@QAEHXZ 0040aba0 f i CuteCar.obj
 0001:00009bc0       ?getNumUser@NxAllVehicle@@QAEHXZ 0040abc0 f i CuteCar.obj
 0001:00009be0       ?createTerrainItem@NxTerrain@@QAEPAVNxTerrainItem@@W4ItemType@@ABVNxVec3@@M@Z 0040abe0 f i CuteCar.obj
 0001:00009c10       ?getItemPicked@NxTerrain@@QAEPAV?$NxArray@PAVItemPicked@@VNxAllocatorDefault@@@@XZ 0040ac10 f i CuteCar.obj
 0001:00009c30       ??_U@YAPAXI@Z              0040ac30 f i CuteCar.obj
 0001:00009c70       ?toOgre@NxOgreConvertor@@SA?AUAllVehicleInfoOgre@@ABUAllVehicleInfoNx@@@Z 0040ac70 f i CuteCar.obj
 0001:00009da0       ?toOgre@NxOgreConvertor@@SA?AVVector3@Ogre@@ABVNxVec3@@@Z 0040ada0 f i CuteCar.obj
 0001:00009dd0       ?toOgre@NxOgreConvertor@@SA?AVQuaternion@Ogre@@ABVNxQuat@@@Z 0040add0 f i CuteCar.obj
 0001:00009e00       ??0AllVehicleInfoOgre@@QAE@XZ 0040ae00 f i CuteCar.obj
 0001:00009e60       ??0AllVehicleInfoOgre@@QAE@ABU0@@Z 0040ae60 f i CuteCar.obj
 0001:00009f00       ?GameOver@CuteCarFrameListener@@QAEXXZ 0040af00 f i CuteCar.obj
 0001:0000a120       ?writeGrade@CuteCarFrameListener@@QAEXXZ 0040b120 f i CuteCar.obj
 0001:0000a8b0       ?setupGameOverEvent@CuteCarFrameListener@@QAEXXZ 0040b8b0 f i CuteCar.obj
 0001:0000aae0       ?handleReturn@CuteCarFrameListener@@QAE_NABVEventArgs@CEGUI@@@Z 0040bae0 f i CuteCar.obj
 0001:0000ab00       ?getStr@CuteCarFrameListener@@QAEPADXZ 0040bb00 f i CuteCar.obj
 0001:0000ab50       ?mouseMoved@CuteCarFrameListener@@UAEXPAVMouseEvent@Ogre@@@Z 0040bb50 f i CuteCar.obj
 0001:0000abd0       ?mouseDragged@CuteCarFrameListener@@UAEXPAVMouseEvent@Ogre@@@Z 0040bbd0 f i CuteCar.obj
 0001:0000abf0       ?mousePressed@CuteCarFrameListener@@UAEXPAVMouseEvent@Ogre@@@Z 0040bbf0 f i CuteCar.obj
 0001:0000ac30       ?mouseReleased@CuteCarFrameListener@@UAEXPAVMouseEvent@Ogre@@@Z 0040bc30 f i CuteCar.obj
 0001:0000ac70       ?mouseClicked@CuteCarFrameListener@@UAEXPAVMouseEvent@Ogre@@@Z 0040bc70 f i CuteCar.obj
 0001:0000ac80       ?mouseEntered@CuteCarFrameListener@@UAEXPAVMouseEvent@Ogre@@@Z 0040bc80 f i CuteCar.obj
 0001:0000ac90       ?mouseExited@CuteCarFrameListener@@UAEXPAVMouseEvent@Ogre@@@Z 0040bc90 f i CuteCar.obj
 0001:0000aca0       ?keyClicked@CuteCarFrameListener@@UAEXPAVKeyEvent@Ogre@@@Z 0040bca0 f i CuteCar.obj
 0001:0000acb0       ?keyPressed@CuteCarFrameListener@@UAEXPAVKeyEvent@Ogre@@@Z 0040bcb0 f i CuteCar.obj
 0001:0000b010       ?checkESC@CuteCarFrameListener@@QAEXXZ 0040c010 f i CuteCar.obj
 0001:0000b050       ?setupCheckHandler@CuteCarFrameListener@@QAEXXZ 0040c050 f i CuteCar.obj
 0001:0000b1e0       ?handleChecked@CuteCarFrameListener@@QAE_NABVEventArgs@CEGUI@@@Z 0040c1e0 f i CuteCar.obj
 0001:0000b210       ?handleResume@CuteCarFrameListener@@QAE_NABVEventArgs@CEGUI@@@Z 0040c210 f i CuteCar.obj
 0001:0000b250       ?keyReleased@CuteCarFrameListener@@UAEXPAVKeyEvent@Ogre@@@Z 0040c250 f i CuteCar.obj
 0001:0000b3d0       ??_GCuteCarFrameListener@@UAEPAXI@Z 0040c3d0 f i CuteCar.obj
 0001:0000b3d0       ??_ECuteCarFrameListener@@UAEPAXI@Z 0040c3d0 f i CuteCar.obj
 0001:0000b400       ??1CuteCarFrameListener@@UAE@XZ 0040c400 f i CuteCar.obj
 0001:0000b5f0       ?releasePhysics@NxTerrain@@QAEXXZ 0040c5f0 f i CuteCar.obj
 0001:0000b610       ??_GOgreCEGUIRenderer@CEGUI@@UAEPAXI@Z 0040c610 f i CuteCar.obj
 0001:0000b610       ??_EOgreCEGUIRenderer@CEGUI@@UAEPAXI@Z 0040c610 f i CuteCar.obj
 0001:0000b640       ??_GSystem@CEGUI@@UAEPAXI@Z 0040c640 f i CuteCar.obj
 0001:0000b640       ??_ESystem@CEGUI@@UAEPAXI@Z 0040c640 f i CuteCar.obj
 0001:0000b670       ??4AllVehicleInfoOgre@@QAEAAU0@ABU0@@Z 0040c670 f i CuteCar.obj
 0001:0000b710       ??_GCuteCarApplication@@UAEPAXI@Z 0040c710 f i CuteCar.obj
 0001:0000b710       ??_ECuteCarApplication@@UAEPAXI@Z 0040c710 f i CuteCar.obj
 0001:0000b740       ??0?$basic_string@DU?$char_traits@D@std@@V?$allocator@D@2@@std@@QAE@XZ 0040c740 f i CuteCar.obj
 0001:0000b770       ??0?$basic_string@DU?$char_traits@D@std@@V?$allocator@D@2@@std@@QAE@ABV01@@Z 0040c770 f i CuteCar.obj
 0001:0000b7c0       ??0?$basic_string@DU?$char_traits@D@std@@V?$allocator@D@2@@std@@QAE@PBD@Z 0040c7c0 f i CuteCar.obj
 0001:0000b800       ??1?$basic_string@DU?$char_traits@D@std@@V?$allocator@D@2@@std@@QAE@XZ 0040c800 f i CuteCar.obj
 0001:0000b820       ??4?$basic_string@DU?$char_traits@D@std@@V?$allocator@D@2@@std@@QAEAAV01@ABV01@@Z 0040c820 f i CuteCar.obj
 0001:0000b840       ??4?$basic_string@DU?$char_traits@D@std@@V?$allocator@D@2@@std@@QAEAAV01@PBD@Z 0040c840 f i CuteCar.obj
 0001:0000b860       ?c_str@?$basic_string@DU?$char_traits@D@std@@V?$allocator@D@2@@std@@QBEPBDXZ 0040c860 f i CuteCar.obj
 0001:0000b880       ?size@?$NxArray@PAVNxVehicle@@VNxAllocatorDefault@@@@QBEIXZ 0040c880 f i CuteCar.obj
 0001:0000b8a0       ?size@?$NxArray@PAVItemPicked@@VNxAllocatorDefault@@@@QBEIXZ 0040c8a0 f i CuteCar.obj
 0001:0000b8c0       ?clear@?$NxArray@PAVItemPicked@@VNxAllocatorDefault@@@@QAEXXZ 0040c8c0 f i CuteCar.obj
 0001:0000b8f0       ??A?$NxArray@PAVItemPicked@@VNxAllocatorDefault@@@@QAEAAPAVItemPicked@@I@Z 0040c8f0 f i CuteCar.obj
 0001:0000b910       ?begin@?$vector@W4ItemType@@V?$allocator@W4ItemType@@@std@@@std@@QAE?AViterator@12@XZ 0040c910 f i CuteCar.obj
 0001:0000b930       ?end@?$vector@W4ItemType@@V?$allocator@W4ItemType@@@std@@@std@@QAE?AViterator@12@XZ 0040c930 f i CuteCar.obj
 0001:0000b950       ?size@?$vector@W4ItemType@@V?$allocator@W4ItemType@@@std@@@std@@QBEIXZ 0040c950 f i CuteCar.obj
 0001:0000b990       ??A?$vector@W4ItemType@@V?$allocator@W4ItemType@@@std@@@std@@QAEAAW4ItemType@@I@Z 0040c990 f i CuteCar.obj
 0001:0000b9d0       ?erase@?$vector@W4ItemType@@V?$allocator@W4ItemType@@@std@@@std@@QAE?AViterator@12@V312@@Z 0040c9d0 f i CuteCar.obj
 0001:0000ba30       ??1?$RefPtr@VConnectionInterface@Event@CEGUI@@@CEGUI@@QAE@XZ 0040ca30 f i CuteCar.obj
 0001:0000ba60       ?hasMoreElements@?$MapIterator@V?$map@V?$basic_string@DU?$char_traits@D@std@@V?$allocator@D@2@@std@@PAV?$multimap@V?$basic_string@DU?$char_traits@D@std@@V?$allocator@D@2@@std@@V12@U?$less@V?$basic_string@DU?$char_traits@D@std@@V?$allocator@D@2@@std@@@2@V?$allocator@U?$pair@$$CBV?$basic_string@DU?$char_traits@D@std@@V?$allocator@D@2@@std@@V12@@std@@@2@@2@U?$less@V?$basic_string@DU?$char_traits@D@std@@V?$allocator@D@2@@std@@@2@V?$allocator@U?$pair@$$CBV?$basic_string@DU?$char_traits@D@std@@V?$allocator@D@2@@std@@PAV?$multimap@V?$basic_string@DU?$char_traits@D@std@@V?$allocator@D@2@@std@@V12@U?$less@V?$basic_string@DU?$char_traits@D@std@@V?$allocator@D@2@@std@@@2@V?$allocator@U?$pair@$$CBV?$basic_string@DU?$char_traits@D@std@@V?$allocator@D@2@@std@@V12@@std@@@2@@2@@std@@@2@@std@@@Ogre@@QBE_NXZ 0040ca60 f i CuteCar.obj
 0001:0000ba80       ?getNext@?$MapIterator@V?$map@V?$basic_string@DU?$char_traits@D@std@@V?$allocator@D@2@@std@@PAV?$multimap@V?$basic_string@DU?$char_traits@D@std@@V?$allocator@D@2@@std@@V12@U?$less@V?$basic_string@DU?$char_traits@D@std@@V?$allocator@D@2@@std@@@2@V?$allocator@U?$pair@$$CBV?$basic_string@DU?$char_traits@D@std@@V?$allocator@D@2@@std@@V12@@std@@@2@@2@U?$less@V?$basic_string@DU?$char_traits@D@std@@V?$allocator@D@2@@std@@@2@V?$allocator@U?$pair@$$CBV?$basic_string@DU?$char_traits@D@std@@V?$allocator@D@2@@std@@PAV?$multimap@V?$basic_string@DU?$char_traits@D@std@@V?$allocator@D@2@@std@@V12@U?$less@V?$basic_string@DU?$char_traits@D@std@@V?$allocator@D@2@@std@@@2@V?$allocator@U?$pair@$$CBV?$basic_string@DU?$char_traits@D@std@@V?$allocator@D@2@@std@@V12@@std@@@2@@2@@std@@@2@@std@@@Ogre@@QAEPAV?$multimap@V?$basic_string@DU?$char_traits@D@std@@V?$allocator@D@2@@std@@V12@U?$less@V?$basic_string@DU?$char_traits@D@std@@V?$allocator@D@2@@std@@@2@V?$allocator@U?$pair@$$CBV?$basic_string@DU?$char_traits@D@std@@V?$allocator@D@2@@std@@V12@@std@@@2@@std@@XZ 0040ca80 f i CuteCar.obj
 0001:0000bab0       ?peekNextKey@?$MapIterator@V?$map@V?$basic_string@DU?$char_traits@D@std@@V?$allocator@D@2@@std@@PAV?$multimap@V?$basic_string@DU?$char_traits@D@std@@V?$allocator@D@2@@std@@V12@U?$less@V?$basic_string@DU?$char_traits@D@std@@V?$allocator@D@2@@std@@@2@V?$allocator@U?$pair@$$CBV?$basic_string@DU?$char_traits@D@std@@V?$allocator@D@2@@std@@V12@@std@@@2@@2@U?$less@V?$basic_string@DU?$char_traits@D@std@@V?$allocator@D@2@@std@@@2@V?$allocator@U?$pair@$$CBV?$basic_string@DU?$char_traits@D@std@@V?$allocator@D@2@@std@@PAV?$multimap@V?$basic_string@DU?$char_traits@D@std@@V?$allocator@D@2@@std@@V12@U?$less@V?$basic_string@DU?$char_traits@D@std@@V?$allocator@D@2@@std@@@2@V?$allocator@U?$pair@$$CBV?$basic_string@DU?$char_traits@D@std@@V?$allocator@D@2@@std@@V12@@std@@@2@@2@@std@@@2@@std@@@Ogre@@QAE?AV?$basic_string@DU?$char_traits@D@std@@V?$allocator@D@2@@std@@XZ 0040cab0 f i CuteCar.obj
 0001:0000baf0       ?begin@?$_Tree@V?$_Tmap_traits@V?$basic_string@DU?$char_traits@D@std@@V?$allocator@D@2@@std@@V12@U?$less@V?$basic_string@DU?$char_traits@D@std@@V?$allocator@D@2@@std@@@2@V?$allocator@U?$pair@$$CBV?$basic_string@DU?$char_traits@D@std@@V?$allocator@D@2@@std@@V12@@std@@@2@$00@std@@@std@@QAE?AViterator@12@XZ 0040caf0 f i CuteCar.obj
 0001:0000bb20       ?end@?$_Tree@V?$_Tmap_traits@V?$basic_string@DU?$char_traits@D@std@@V?$allocator@D@2@@std@@V12@U?$less@V?$basic_string@DU?$char_traits@D@std@@V?$allocator@D@2@@std@@@2@V?$allocator@U?$pair@$$CBV?$basic_string@DU?$char_traits@D@std@@V?$allocator@D@2@@std@@V12@@std@@@2@$00@std@@@std@@QAE?AViterator@12@XZ 0040cb20 f i CuteCar.obj
 0001:0000bb40       ??0iterator@?$_Tree@V?$_Tmap_traits@V?$basic_string@DU?$char_traits@D@std@@V?$allocator@D@2@@std@@V12@U?$less@V?$basic_string@DU?$char_traits@D@std@@V?$allocator@D@2@@std@@@2@V?$allocator@U?$pair@$$CBV?$basic_string@DU?$char_traits@D@std@@V?$allocator@D@2@@std@@V12@@std@@@2@$00@std@@@std@@QAE@XZ 0040cb40 f i CuteCar.obj
 0001:0000bb60       ??Citerator@?$_Tree@V?$_Tmap_traits@V?$basic_string@DU?$char_traits@D@std@@V?$allocator@D@2@@std@@V12@U?$less@V?$basic_string@DU?$char_traits@D@std@@V?$allocator@D@2@@std@@@2@V?$allocator@U?$pair@$$CBV?$basic_string@DU?$char_traits@D@std@@V?$allocator@D@2@@std@@V12@@std@@@2@$00@std@@@std@@QBEPAU?$pair@$$CBV?$basic_string@DU?$char_traits@D@std@@V?$allocator@D@2@@std@@V12@@2@XZ 0040cb60 f i CuteCar.obj
 0001:0000bb80       ??Eiterator@?$_Tree@V?$_Tmap_traits@V?$basic_string@DU?$char_traits@D@std@@V?$allocator@D@2@@std@@V12@U?$less@V?$basic_string@DU?$char_traits@D@std@@V?$allocator@D@2@@std@@@2@V?$allocator@U?$pair@$$CBV?$basic_string@DU?$char_traits@D@std@@V?$allocator@D@2@@std@@V12@@std@@@2@$00@std@@@std@@QAEAAV012@XZ 0040cb80 f i CuteCar.obj
 0001:0000bba0       ??9const_iterator@?$_Tree@V?$_Tmap_traits@V?$basic_string@DU?$char_traits@D@std@@V?$allocator@D@2@@std@@V12@U?$less@V?$basic_string@DU?$char_traits@D@std@@V?$allocator@D@2@@std@@@2@V?$allocator@U?$pair@$$CBV?$basic_string@DU?$char_traits@D@std@@V?$allocator@D@2@@std@@V12@@std@@@2@$00@std@@@std@@QBE_NABV012@@Z 0040cba0 f i CuteCar.obj
 0001:0000bbd0       ??Eiterator@?$vector@W4ItemType@@V?$allocator@W4ItemType@@@std@@@std@@QAE?AV012@H@Z 0040cbd0 f i CuteCar.obj
 0001:0000bc00       ??9const_iterator@?$vector@W4ItemType@@V?$allocator@W4ItemType@@@std@@@std@@QBE_NABV012@@Z 0040cc00 f i CuteCar.obj
 0001:0000bc30       ?assign@?$basic_string@DU?$char_traits@D@std@@V?$allocator@D@2@@std@@QAEAAV12@ABV12@@Z 0040cc30 f i CuteCar.obj
 0001:0000bc60       ?assign@?$basic_string@DU?$char_traits@D@std@@V?$allocator@D@2@@std@@QAEAAV12@ABV12@II@Z 0040cc60 f i CuteCar.obj
 0001:0000bd20       ?copy@?$char_traits@D@std@@SAPADPADPBDI@Z 0040cd20 f i CuteCar.obj
 0001:0000bd50       ?size@?$basic_string@DU?$char_traits@D@std@@V?$allocator@D@2@@std@@QBEIXZ 0040cd50 f i CuteCar.obj
 0001:0000bd70       ?assign@?$basic_string@DU?$char_traits@D@std@@V?$allocator@D@2@@std@@QAEAAV12@PBD@Z 0040cd70 f i CuteCar.obj
 0001:0000bda0       ?length@?$char_traits@D@std@@SAIPBD@Z 0040cda0 f i CuteCar.obj
 0001:0000bde0       ?_Tidy@?$basic_string@DU?$char_traits@D@std@@V?$allocator@D@2@@std@@IAEX_NI@Z 0040cde0 f i CuteCar.obj
 0001:0000be60       ?_Myptr@?$basic_string@DU?$char_traits@D@std@@V?$allocator@D@2@@std@@QBEPBDXZ 0040ce60 f i CuteCar.obj
 0001:0000be90       ??0?$_String_val@DV?$allocator@D@std@@@std@@IAE@V?$allocator@D@1@@Z 0040ce90 f i CuteCar.obj
 0001:0000beb0       ??0?$allocator@D@std@@QAE@XZ 0040ceb0 f i CuteCar.obj
 0001:0000bec0       ??0?$allocator@D@std@@QAE@ABV01@@Z 0040cec0 f i CuteCar.obj
 0001:0000bed0       ?deallocate@?$allocator@D@std@@QAEXPADI@Z 0040ced0 f i CuteCar.obj
 0001:0000bef0       ?begin@?$NxArray@PAVItemPicked@@VNxAllocatorDefault@@@@QAEPAPAVItemPicked@@XZ 0040cef0 f i CuteCar.obj
 0001:0000bf00       ?end@?$NxArray@PAVItemPicked@@VNxAllocatorDefault@@@@QAEPAPAVItemPicked@@XZ 0040cf00 f i CuteCar.obj
 0001:0000bf20       ?destroy@?$NxArray@PAVItemPicked@@VNxAllocatorDefault@@@@AAEXPAPAVItemPicked@@0@Z 0040cf20 f i CuteCar.obj
 0001:0000bf50       ?_Destroy@?$vector@W4ItemType@@V?$allocator@W4ItemType@@@std@@@std@@IAEXPAW4ItemType@@0@Z 0040cf50 f i CuteCar.obj
 0001:0000bf80       ??Citerator@?$_Tree@V?$_Tmap_traits@V?$basic_string@DU?$char_traits@D@std@@V?$allocator@D@2@@std@@PAV?$multimap@V?$basic_string@DU?$char_traits@D@std@@V?$allocator@D@2@@std@@V12@U?$less@V?$basic_string@DU?$char_traits@D@std@@V?$allocator@D@2@@std@@@2@V?$allocator@U?$pair@$$CBV?$basic_string@DU?$char_traits@D@std@@V?$allocator@D@2@@std@@V12@@std@@@2@@2@U?$less@V?$basic_string@DU?$char_traits@D@std@@V?$allocator@D@2@@std@@@2@V?$allocator@U?$pair@$$CBV?$basic_string@DU?$char_traits@D@std@@V?$allocator@D@2@@std@@PAV?$multimap@V?$basic_string@DU?$char_traits@D@std@@V?$allocator@D@2@@std@@V12@U?$less@V?$basic_string@DU?$char_traits@D@std@@V?$allocator@D@2@@std@@@2@V?$allocator@U?$pair@$$CBV?$basic_string@DU?$char_traits@D@std@@V?$allocator@D@2@@std@@V12@@std@@@2@@2@@std@@@2@$0A@@std@@@std@@QBEPAU?$pair@$$CBV?$basic_string@DU?$char_traits@D@std@@V?$allocator@D@2@@std@@PAV?$multimap@V?$basic_string@DU?$char_traits@D@std@@V?$allocator@D@2@@std@@V12@U?$less@V?$basic_string@DU?$char_traits@D@std@@V?$allocator@D@2@@std@@@2@V?$allocator@U?$pair@$$CBV?$basic_string@DU?$char_traits@D@std@@V?$allocator@D@2@@std@@V12@@std@@@2@@2@@2@XZ 0040cf80 f i CuteCar.obj
 0001:0000bfa0       ??Eiterator@?$_Tree@V?$_Tmap_traits@V?$basic_string@DU?$char_traits@D@std@@V?$allocator@D@2@@std@@PAV?$multimap@V?$basic_string@DU?$char_traits@D@std@@V?$allocator@D@2@@std@@V12@U?$less@V?$basic_string@DU?$char_traits@D@std@@V?$allocator@D@2@@std@@@2@V?$allocator@U?$pair@$$CBV?$basic_string@DU?$char_traits@D@std@@V?$allocator@D@2@@std@@V12@@std@@@2@@2@U?$less@V?$basic_string@DU?$char_traits@D@std@@V?$allocator@D@2@@std@@@2@V?$allocator@U?$pair@$$CBV?$basic_string@DU?$char_traits@D@std@@V?$allocator@D@2@@std@@PAV?$multimap@V?$basic_string@DU?$char_traits@D@std@@V?$allocator@D@2@@std@@V12@U?$less@V?$basic_string@DU?$char_traits@D@std@@V?$allocator@D@2@@std@@@2@V?$allocator@U?$pair@$$CBV?$basic_string@DU?$char_traits@D@std@@V?$allocator@D@2@@std@@V12@@std@@@2@@2@@std@@@2@$0A@@std@@@std@@QAE?AV012@H@Z 0040cfa0 f i CuteCar.obj
 0001:0000bfd0       ??9const_iterator@?$_Tree@V?$_Tmap_traits@V?$basic_string@DU?$char_traits@D@std@@V?$allocator@D@2@@std@@PAV?$multimap@V?$basic_string@DU?$char_traits@D@std@@V?$allocator@D@2@@std@@V12@U?$less@V?$basic_string@DU?$char_traits@D@std@@V?$allocator@D@2@@std@@@2@V?$allocator@U?$pair@$$CBV?$basic_string@DU?$char_traits@D@std@@V?$allocator@D@2@@std@@V12@@std@@@2@@2@U?$less@V?$basic_string@DU?$char_traits@D@std@@V?$allocator@D@2@@std@@@2@V?$allocator@U?$pair@$$CBV?$basic_string@DU?$char_traits@D@std@@V?$allocator@D@2@@std@@PAV?$multimap@V?$basic_string@DU?$char_traits@D@std@@V?$allocator@D@2@@std@@V12@U?$less@V?$basic_string@DU?$char_traits@D@std@@V?$allocator@D@2@@std@@@2@V?$allocator@U?$pair@$$CBV?$basic_string@DU?$char_traits@D@std@@V?$allocator@D@2@@std@@V12@@std@@@2@@2@@std@@@2@$0A@@std@@@std@@QBE_NABV012@@Z 0040cfd0 f i CuteCar.obj
 0001:0000c000       ?_Lmost@?$_Tree@V?$_Tmap_traits@V?$basic_string@DU?$char_traits@D@std@@V?$allocator@D@2@@std@@V12@U?$less@V?$basic_string@DU?$char_traits@D@std@@V?$allocator@D@2@@std@@@2@V?$allocator@U?$pair@$$CBV?$basic_string@DU?$char_traits@D@std@@V?$allocator@D@2@@std@@V12@@std@@@2@$00@std@@@std@@IAEAAPAU_Node@?$_Tree_nod@V?$_Tmap_traits@V?$basic_string@DU?$char_traits@D@std@@V?$allocator@D@2@@std@@V12@U?$less@V?$basic_string@DU?$char_traits@D@std@@V?$allocator@D@2@@std@@@2@V?$allocator@U?$pair@$$CBV?$basic_string@DU?$char_traits@D@std@@V?$allocator@D@2@@std@@V12@@std@@@2@$00@std@@@2@XZ 0040d000 f i CuteCar.obj
 0001:0000c020       ??0iterator@?$_Tree@V?$_Tmap_traits@V?$basic_string@DU?$char_traits@D@std@@V?$allocator@D@2@@std@@V12@U?$less@V?$basic_string@DU?$char_traits@D@std@@V?$allocator@D@2@@std@@@2@V?$allocator@U?$pair@$$CBV?$basic_string@DU?$char_traits@D@std@@V?$allocator@D@2@@std@@V12@@std@@@2@$00@std@@@std@@QAE@PAU_Node@?$_Tree_nod@V?$_Tmap_traits@V?$basic_string@DU?$char_traits@D@std@@V?$allocator@D@2@@std@@V12@U?$less@V?$basic_string@DU?$char_traits@D@std@@V?$allocator@D@2@@std@@@2@V?$allocator@U?$pair@$$CBV?$basic_string@DU?$char_traits@D@std@@V?$allocator@D@2@@std@@V12@@std@@@2@$00@std@@@2@@Z 0040d020 f i CuteCar.obj
 0001:0000c040       ??Diterator@?$_Tree@V?$_Tmap_traits@V?$basic_string@DU?$char_traits@D@std@@V?$allocator@D@2@@std@@V12@U?$less@V?$basic_string@DU?$char_traits@D@std@@V?$allocator@D@2@@std@@@2@V?$allocator@U?$pair@$$CBV?$basic_string@DU?$char_traits@D@std@@V?$allocator@D@2@@std@@V12@@std@@@2@$00@std@@@std@@QBEAAU?$pair@$$CBV?$basic_string@DU?$char_traits@D@std@@V?$allocator@D@2@@std@@V12@@2@XZ 0040d040 f i CuteCar.obj
 0001:0000c060       ??0const_iterator@?$_Tree@V?$_Tmap_traits@V?$basic_string@DU?$char_traits@D@std@@V?$allocator@D@2@@std@@V12@U?$less@V?$basic_string@DU?$char_traits@D@std@@V?$allocator@D@2@@std@@@2@V?$allocator@U?$pair@$$CBV?$basic_string@DU?$char_traits@D@std@@V?$allocator@D@2@@std@@V12@@std@@@2@$00@std@@@std@@QAE@XZ 0040d060 f i CuteCar.obj
 0001:0000c080       ??Econst_iterator@?$_Tree@V?$_Tmap_traits@V?$basic_string@DU?$char_traits@D@std@@V?$allocator@D@2@@std@@V12@U?$less@V?$basic_string@DU?$char_traits@D@std@@V?$allocator@D@2@@std@@@2@V?$allocator@U?$pair@$$CBV?$basic_string@DU?$char_traits@D@std@@V?$allocator@D@2@@std@@V12@@std@@@2@$00@std@@@std@@QAEAAV012@XZ 0040d080 f i CuteCar.obj
 0001:0000c0a0       ??8const_iterator@?$_Tree@V?$_Tmap_traits@V?$basic_string@DU?$char_traits@D@std@@V?$allocator@D@2@@std@@V12@U?$less@V?$basic_string@DU?$char_traits@D@std@@V?$allocator@D@2@@std@@@2@V?$allocator@U?$pair@$$CBV?$basic_string@DU?$char_traits@D@std@@V?$allocator@D@2@@std@@V12@@std@@@2@$00@std@@@std@@QBE_NABV012@@Z 0040d0a0 f i CuteCar.obj
 0001:0000c0c0       ??0iterator@?$vector@W4ItemType@@V?$allocator@W4ItemType@@@std@@@std@@QAE@PAW4ItemType@@@Z 0040d0c0 f i CuteCar.obj
 0001:0000c0e0       ??Diterator@?$vector@W4ItemType@@V?$allocator@W4ItemType@@@std@@@std@@QBEAAW4ItemType@@XZ 0040d0e0 f i CuteCar.obj
 0001:0000c100       ??Eiterator@?$vector@W4ItemType@@V?$allocator@W4ItemType@@@std@@@std@@QAEAAV012@XZ 0040d100 f i CuteCar.obj
 0001:0000c120       ??Hiterator@?$vector@W4ItemType@@V?$allocator@W4ItemType@@@std@@@std@@QBE?AV012@H@Z 0040d120 f i CuteCar.obj
 0001:0000c150       ??8const_iterator@?$vector@W4ItemType@@V?$allocator@W4ItemType@@@std@@@std@@QBE_NABV012@@Z 0040d150 f i CuteCar.obj
 0001:0000c170       ?assign@?$basic_string@DU?$char_traits@D@std@@V?$allocator@D@2@@std@@QAEAAV12@PBDI@Z 0040d170 f i CuteCar.obj
 0001:0000c1f0       ?erase@?$basic_string@DU?$char_traits@D@std@@V?$allocator@D@2@@std@@QAEAAV12@II@Z 0040d1f0 f i CuteCar.obj
 0001:0000c280       ?move@?$char_traits@D@std@@SAPADPADPBDI@Z 0040d280 f i CuteCar.obj
 0001:0000c2a0       ?_Eos@?$basic_string@DU?$char_traits@D@std@@V?$allocator@D@2@@std@@IAEXI@Z 0040d2a0 f i CuteCar.obj
 0001:0000c2e0       ?assign@?$char_traits@D@std@@SAXAADABD@Z 0040d2e0 f i CuteCar.obj
 0001:0000c2f0       ?_Grow@?$basic_string@DU?$char_traits@D@std@@V?$allocator@D@2@@std@@IAE_NI_N@Z 0040d2f0 f i CuteCar.obj
 0001:0000c390       ?_Myptr@?$basic_string@DU?$char_traits@D@std@@V?$allocator@D@2@@std@@QAEPADXZ 0040d390 f i CuteCar.obj
 0001:0000c3c0       ??Diterator@?$_Tree@V?$_Tmap_traits@V?$basic_string@DU?$char_traits@D@std@@V?$allocator@D@2@@std@@PAV?$multimap@V?$basic_string@DU?$char_traits@D@std@@V?$allocator@D@2@@std@@V12@U?$less@V?$basic_string@DU?$char_traits@D@std@@V?$allocator@D@2@@std@@@2@V?$allocator@U?$pair@$$CBV?$basic_string@DU?$char_traits@D@std@@V?$allocator@D@2@@std@@V12@@std@@@2@@2@U?$less@V?$basic_string@DU?$char_traits@D@std@@V?$allocator@D@2@@std@@@2@V?$allocator@U?$pair@$$CBV?$basic_string@DU?$char_traits@D@std@@V?$allocator@D@2@@std@@PAV?$multimap@V?$basic_string@DU?$char_traits@D@std@@V?$allocator@D@2@@std@@V12@U?$less@V?$basic_string@DU?$char_traits@D@std@@V?$allocator@D@2@@std@@@2@V?$allocator@U?$pair@$$CBV?$basic_string@DU?$char_traits@D@std@@V?$allocator@D@2@@std@@V12@@std@@@2@@2@@std@@@2@$0A@@std@@@std@@QBEAAU?$pair@$$CBV?$basic_string@DU?$char_traits@D@std@@V?$allocator@D@2@@std@@PAV?$multimap@V?$basic_string@DU?$char_traits@D@std@@V?$allocator@D@2@@std@@V12@U?$less@V?$basic_string@DU?$char_traits@D@std@@V?$allocator@D@2@@std@@@2@V?$allocator@U?$pair@$$CBV?$basic_string@DU?$char_traits@D@std@@V?$allocator@D@2@@std@@V12@@std@@@2@@2@@2@XZ 0040d3c0 f i CuteCar.obj
 0001:0000c3e0       ??Eiterator@?$_Tree@V?$_Tmap_traits@V?$basic_string@DU?$char_traits@D@std@@V?$allocator@D@2@@std@@PAV?$multimap@V?$basic_string@DU?$char_traits@D@std@@V?$allocator@D@2@@std@@V12@U?$less@V?$basic_string@DU?$char_traits@D@std@@V?$allocator@D@2@@std@@@2@V?$allocator@U?$pair@$$CBV?$basic_string@DU?$char_traits@D@std@@V?$allocator@D@2@@std@@V12@@std@@@2@@2@U?$less@V?$basic_string@DU?$char_traits@D@std@@V?$allocator@D@2@@std@@@2@V?$allocator@U?$pair@$$CBV?$basic_string@DU?$char_traits@D@std@@V?$allocator@D@2@@std@@PAV?$multimap@V?$basic_string@DU?$char_traits@D@std@@V?$allocator@D@2@@std@@V12@U?$less@V?$basic_string@DU?$char_traits@D@std@@V?$allocator@D@2@@std@@@2@V?$allocator@U?$pair@$$CBV?$basic_string@DU?$char_traits@D@std@@V?$allocator@D@2@@std@@V12@@std@@@2@@2@@std@@@2@$0A@@std@@@std@@QAEAAV012@XZ 0040d3e0 f i CuteCar.obj
 0001:0000c400       ??8const_iterator@?$_Tree@V?$_Tmap_traits@V?$basic_string@DU?$char_traits@D@std@@V?$allocator@D@2@@std@@PAV?$multimap@V?$basic_string@DU?$char_traits@D@std@@V?$allocator@D@2@@std@@V12@U?$less@V?$basic_string@DU?$char_traits@D@std@@V?$allocator@D@2@@std@@@2@V?$allocator@U?$pair@$$CBV?$basic_string@DU?$char_traits@D@std@@V?$allocator@D@2@@std@@V12@@std@@@2@@2@U?$less@V?$basic_string@DU?$char_traits@D@std@@V?$allocator@D@2@@std@@@2@V?$allocator@U?$pair@$$CBV?$basic_string@DU?$char_traits@D@std@@V?$allocator@D@2@@std@@PAV?$multimap@V?$basic_string@DU?$char_traits@D@std@@V?$allocator@D@2@@std@@V12@U?$less@V?$basic_string@DU?$char_traits@D@std@@V?$allocator@D@2@@std@@@2@V?$allocator@U?$pair@$$CBV?$basic_string@DU?$char_traits@D@std@@V?$allocator@D@2@@std@@V12@@std@@@2@@2@@std@@@2@$0A@@std@@@std@@QBE_NABV012@@Z 0040d400 f i CuteCar.obj
 0001:0000c420       ?_Left@?$_Tree@V?$_Tmap_traits@V?$basic_string@DU?$char_traits@D@std@@V?$allocator@D@2@@std@@V12@U?$less@V?$basic_string@DU?$char_traits@D@std@@V?$allocator@D@2@@std@@@2@V?$allocator@U?$pair@$$CBV?$basic_string@DU?$char_traits@D@std@@V?$allocator@D@2@@std@@V12@@std@@@2@$00@std@@@std@@KAAAPAU_Node@?$_Tree_nod@V?$_Tmap_traits@V?$basic_string@DU?$char_traits@D@std@@V?$allocator@D@2@@std@@V12@U?$less@V?$basic_string@DU?$char_traits@D@std@@V?$allocator@D@2@@std@@@2@V?$allocator@U?$pair@$$CBV?$basic_string@DU?$char_traits@D@std@@V?$allocator@D@2@@std@@V12@@std@@@2@$00@std@@@2@PAU342@@Z 0040d420 f i CuteCar.obj
 0001:0000c430       ??0const_iterator@?$_Tree@V?$_Tmap_traits@V?$basic_string@DU?$char_traits@D@std@@V?$allocator@D@2@@std@@V12@U?$less@V?$basic_string@DU?$char_traits@D@std@@V?$allocator@D@2@@std@@@2@V?$allocator@U?$pair@$$CBV?$basic_string@DU?$char_traits@D@std@@V?$allocator@D@2@@std@@V12@@std@@@2@$00@std@@@std@@QAE@PAU_Node@?$_Tree_nod@V?$_Tmap_traits@V?$basic_string@DU?$char_traits@D@std@@V?$allocator@D@2@@std@@V12@U?$less@V?$basic_string@DU?$char_traits@D@std@@V?$allocator@D@2@@std@@@2@V?$allocator@U?$pair@$$CBV?$basic_string@DU?$char_traits@D@std@@V?$allocator@D@2@@std@@V12@@std@@@2@$00@std@@@2@@Z 0040d430 f i CuteCar.obj
 0001:0000c450       ??Dconst_iterator@?$_Tree@V?$_Tmap_traits@V?$basic_string@DU?$char_traits@D@std@@V?$allocator@D@2@@std@@V12@U?$less@V?$basic_string@DU?$char_traits@D@std@@V?$allocator@D@2@@std@@@2@V?$allocator@U?$pair@$$CBV?$basic_string@DU?$char_traits@D@std@@V?$allocator@D@2@@std@@V12@@std@@@2@$00@std@@@std@@QBEABU?$pair@$$CBV?$basic_string@DU?$char_traits@D@std@@V?$allocator@D@2@@std@@V12@@2@XZ 0040d450 f i CuteCar.obj
 0001:0000c470       ?_Inc@const_iterator@?$_Tree@V?$_Tmap_traits@V?$basic_string@DU?$char_traits@D@std@@V?$allocator@D@2@@std@@V12@U?$less@V?$basic_string@DU?$char_traits@D@std@@V?$allocator@D@2@@std@@@2@V?$allocator@U?$pair@$$CBV?$basic_string@DU?$char_traits@D@std@@V?$allocator@D@2@@std@@V12@@std@@@2@$00@std@@@std@@QAEXXZ 0040d470 f i CuteCar.obj
 0001:0000c530       ??Yiterator@?$vector@W4ItemType@@V?$allocator@W4ItemType@@@std@@@std@@QAEAAV012@H@Z 0040d530 f i CuteCar.obj
 0001:0000c550       ??0const_iterator@?$vector@W4ItemType@@V?$allocator@W4ItemType@@@std@@@std@@QAE@PAW4ItemType@@@Z 0040d550 f i CuteCar.obj
 0001:0000c570       ??Dconst_iterator@?$vector@W4ItemType@@V?$allocator@W4ItemType@@@std@@@std@@QBEABW4ItemType@@XZ 0040d570 f i CuteCar.obj
 0001:0000c580       ?max_size@?$basic_string@DU?$char_traits@D@std@@V?$allocator@D@2@@std@@QBEIXZ 0040d580 f i CuteCar.obj
 0001:0000c5c0       ?_Copy@?$basic_string@DU?$char_traits@D@std@@V?$allocator@D@2@@std@@IAEXII@Z 0040d5c0 f i CuteCar.obj
 0001:0000c720       ?allocate@?$allocator@D@std@@QAEPADI@Z 0040d720 f i CuteCar.obj
 0001:0000c740       ?_Inside@?$basic_string@DU?$char_traits@D@std@@V?$allocator@D@2@@std@@IAE_NPBD@Z 0040d740 f i CuteCar.obj
 0001:0000c780       ??Dconst_iterator@?$_Tree@V?$_Tmap_traits@V?$basic_string@DU?$char_traits@D@std@@V?$allocator@D@2@@std@@PAV?$multimap@V?$basic_string@DU?$char_traits@D@std@@V?$allocator@D@2@@std@@V12@U?$less@V?$basic_string@DU?$char_traits@D@std@@V?$allocator@D@2@@std@@@2@V?$allocator@U?$pair@$$CBV?$basic_string@DU?$char_traits@D@std@@V?$allocator@D@2@@std@@V12@@std@@@2@@2@U?$less@V?$basic_string@DU?$char_traits@D@std@@V?$allocator@D@2@@std@@@2@V?$allocator@U?$pair@$$CBV?$basic_string@DU?$char_traits@D@std@@V?$allocator@D@2@@std@@PAV?$multimap@V?$basic_string@DU?$char_traits@D@std@@V?$allocator@D@2@@std@@V12@U?$less@V?$basic_string@DU?$char_traits@D@std@@V?$allocator@D@2@@std@@@2@V?$allocator@U?$pair@$$CBV?$basic_string@DU?$char_traits@D@std@@V?$allocator@D@2@@std@@V12@@std@@@2@@2@@std@@@2@$0A@@std@@@std@@QBEABU?$pair@$$CBV?$basic_string@DU?$char_traits@D@std@@V?$allocator@D@2@@std@@PAV?$multimap@V?$basic_string@DU?$char_traits@D@std@@V?$allocator@D@2@@std@@V12@U?$less@V?$basic_string@DU?$char_traits@D@std@@V?$allocator@D@2@@std@@@2@V?$allocator@U?$pair@$$CBV?$basic_string@DU?$char_traits@D@std@@V?$allocator@D@2@@std@@V12@@std@@@2@@2@@2@XZ 0040d780 f i CuteCar.obj
 0001:0000c7a0       ??Econst_iterator@?$_Tree@V?$_Tmap_traits@V?$basic_string@DU?$char_traits@D@std@@V?$allocator@D@2@@std@@PAV?$multimap@V?$basic_string@DU?$char_traits@D@std@@V?$allocator@D@2@@std@@V12@U?$less@V?$basic_string@DU?$char_traits@D@std@@V?$allocator@D@2@@std@@@2@V?$allocator@U?$pair@$$CBV?$basic_string@DU?$char_traits@D@std@@V?$allocator@D@2@@std@@V12@@std@@@2@@2@U?$less@V?$basic_string@DU?$char_traits@D@std@@V?$allocator@D@2@@std@@@2@V?$allocator@U?$pair@$$CBV?$basic_string@DU?$char_traits@D@std@@V?$allocator@D@2@@std@@PAV?$multimap@V?$basic_string@DU?$char_traits@D@std@@V?$allocator@D@2@@std@@V12@U?$less@V?$basic_string@DU?$char_traits@D@std@@V?$allocator@D@2@@std@@@2@V?$allocator@U?$pair@$$CBV?$basic_string@DU?$char_traits@D@std@@V?$allocator@D@2@@std@@V12@@std@@@2@@2@@std@@@2@$0A@@std@@@std@@QAEAAV012@XZ 0040d7a0 f i CuteCar.obj
 0001:0000c7c0       ?_Isnil@?$_Tree@V?$_Tmap_traits@V?$basic_string@DU?$char_traits@D@std@@V?$allocator@D@2@@std@@V12@U?$less@V?$basic_string@DU?$char_traits@D@std@@V?$allocator@D@2@@std@@@2@V?$allocator@U?$pair@$$CBV?$basic_string@DU?$char_traits@D@std@@V?$allocator@D@2@@std@@V12@@std@@@2@$00@std@@@std@@KAAADPAU_Node@?$_Tree_nod@V?$_Tmap_traits@V?$basic_string@DU?$char_traits@D@std@@V?$allocator@D@2@@std@@V12@U?$less@V?$basic_string@DU?$char_traits@D@std@@V?$allocator@D@2@@std@@@2@V?$allocator@U?$pair@$$CBV?$basic_string@DU?$char_traits@D@std@@V?$allocator@D@2@@std@@V12@@std@@@2@$00@std@@@2@@Z 0040d7c0 f i CuteCar.obj
 0001:0000c7d0       ?_Parent@?$_Tree@V?$_Tmap_traits@V?$basic_string@DU?$char_traits@D@std@@V?$allocator@D@2@@std@@V12@U?$less@V?$basic_string@DU?$char_traits@D@std@@V?$allocator@D@2@@std@@@2@V?$allocator@U?$pair@$$CBV?$basic_string@DU?$char_traits@D@std@@V?$allocator@D@2@@std@@V12@@std@@@2@$00@std@@@std@@KAAAPAU_Node@?$_Tree_nod@V?$_Tmap_traits@V?$basic_string@DU?$char_traits@D@std@@V?$allocator@D@2@@std@@V12@U?$less@V?$basic_string@DU?$char_traits@D@std@@V?$allocator@D@2@@std@@@2@V?$allocator@U?$pair@$$CBV?$basic_string@DU?$char_traits@D@std@@V?$allocator@D@2@@std@@V12@@std@@@2@$00@std@@@2@PAU342@@Z 0040d7d0 f i CuteCar.obj
 0001:0000c7e0       ?_Right@?$_Tree@V?$_Tmap_traits@V?$basic_string@DU?$char_traits@D@std@@V?$allocator@D@2@@std@@V12@U?$less@V?$basic_string@DU?$char_traits@D@std@@V?$allocator@D@2@@std@@@2@V?$allocator@U?$pair@$$CBV?$basic_string@DU?$char_traits@D@std@@V?$allocator@D@2@@std@@V12@@std@@@2@$00@std@@@std@@KAAAPAU_Node@?$_Tree_nod@V?$_Tmap_traits@V?$basic_string@DU?$char_traits@D@std@@V?$allocator@D@2@@std@@V12@U?$less@V?$basic_string@DU?$char_traits@D@std@@V?$allocator@D@2@@std@@@2@V?$allocator@U?$pair@$$CBV?$basic_string@DU?$char_traits@D@std@@V?$allocator@D@2@@std@@V12@@std@@@2@$00@std@@@2@PAU342@@Z 0040d7e0 f i CuteCar.obj
 0001:0000c7f0       ?_Myval@?$_Tree@V?$_Tmap_traits@V?$basic_string@DU?$char_traits@D@std@@V?$allocator@D@2@@std@@V12@U?$less@V?$basic_string@DU?$char_traits@D@std@@V?$allocator@D@2@@std@@@2@V?$allocator@U?$pair@$$CBV?$basic_string@DU?$char_traits@D@std@@V?$allocator@D@2@@std@@V12@@std@@@2@$00@std@@@std@@KAAAU?$pair@$$CBV?$basic_string@DU?$char_traits@D@std@@V?$allocator@D@2@@std@@V12@@2@PAU_Node@?$_Tree_nod@V?$_Tmap_traits@V?$basic_string@DU?$char_traits@D@std@@V?$allocator@D@2@@std@@V12@U?$less@V?$basic_string@DU?$char_traits@D@std@@V?$allocator@D@2@@std@@@2@V?$allocator@U?$pair@$$CBV?$basic_string@DU?$char_traits@D@std@@V?$allocator@D@2@@std@@V12@@std@@@2@$00@std@@@2@@Z 0040d7f0 f i CuteCar.obj
 0001:0000c800       ?_Min@?$_Tree@V?$_Tmap_traits@V?$basic_string@DU?$char_traits@D@std@@V?$allocator@D@2@@std@@V12@U?$less@V?$basic_string@DU?$char_traits@D@std@@V?$allocator@D@2@@std@@@2@V?$allocator@U?$pair@$$CBV?$basic_string@DU?$char_traits@D@std@@V?$allocator@D@2@@std@@V12@@std@@@2@$00@std@@@std@@KAPAU_Node@?$_Tree_nod@V?$_Tmap_traits@V?$basic_string@DU?$char_traits@D@std@@V?$allocator@D@2@@std@@V12@U?$less@V?$basic_string@DU?$char_traits@D@std@@V?$allocator@D@2@@std@@@2@V?$allocator@U?$pair@$$CBV?$basic_string@DU?$char_traits@D@std@@V?$allocator@D@2@@std@@V12@@std@@@2@$00@std@@@2@PAU342@@Z 0040d800 f i CuteCar.obj
 0001:0000c840       ?max_size@?$allocator@D@std@@QBEIXZ 0040d840 f i CuteCar.obj
 0001:0000c870       ?_Myval@?$_Tree@V?$_Tmap_traits@V?$basic_string@DU?$char_traits@D@std@@V?$allocator@D@2@@std@@PAV?$multimap@V?$basic_string@DU?$char_traits@D@std@@V?$allocator@D@2@@std@@V12@U?$less@V?$basic_string@DU?$char_traits@D@std@@V?$allocator@D@2@@std@@@2@V?$allocator@U?$pair@$$CBV?$basic_string@DU?$char_traits@D@std@@V?$allocator@D@2@@std@@V12@@std@@@2@@2@U?$less@V?$basic_string@DU?$char_traits@D@std@@V?$allocator@D@2@@std@@@2@V?$allocator@U?$pair@$$CBV?$basic_string@DU?$char_traits@D@std@@V?$allocator@D@2@@std@@PAV?$multimap@V?$basic_string@DU?$char_traits@D@std@@V?$allocator@D@2@@std@@V12@U?$less@V?$basic_string@DU?$char_traits@D@std@@V?$allocator@D@2@@std@@@2@V?$allocator@U?$pair@$$CBV?$basic_string@DU?$char_traits@D@std@@V?$allocator@D@2@@std@@V12@@std@@@2@@2@@std@@@2@$0A@@std@@@std@@KAAAU?$pair@$$CBV?$basic_string@DU?$char_traits@D@std@@V?$allocator@D@2@@std@@PAV?$multimap@V?$basic_string@DU?$char_traits@D@std@@V?$allocator@D@2@@std@@V12@U?$less@V?$basic_string@DU?$char_traits@D@std@@V?$allocator@D@2@@std@@@2@V?$allocator@U?$pair@$$CBV?$basic_string@DU?$char_traits@D@std@@V?$allocator@D@2@@std@@V12@@std@@@2@@2@@2@PAU_Node@?$_Tree_nod@V?$_Tmap_traits@V?$basic_string@DU?$char_traits@D@std@@V?$allocator@D@2@@std@@PAV?$multimap@V?$basic_string@DU?$char_traits@D@std@@V?$allocator@D@2@@std@@V12@U?$less@V?$basic_string@DU?$char_traits@D@std@@V?$allocator@D@2@@std@@@2@V?$allocator@U?$pair@$$CBV?$basic_string@DU?$char_traits@D@std@@V?$allocator@D@2@@std@@V12@@std@@@2@@2@U?$less@V?$basic_string@DU?$char_traits@D@std@@V?$allocator@D@2@@std@@@2@V?$allocator@U?$pair@$$CBV?$basic_string@DU?$char_traits@D@std@@V?$allocator@D@2@@std@@PAV?$multimap@V?$basic_string@DU?$char_traits@D@std@@V?$allocator@D@2@@std@@V12@U?$less@V?$basic_string@DU?$char_traits@D@std@@V?$allocator@D@2@@std@@@2@V?$allocator@U?$pair@$$CBV?$basic_string@DU?$char_traits@D@std@@V?$allocator@D@2@@std@@V12@@std@@@2@@2@@std@@@2@$0A@@std@@@2@@Z 0040d870 f i CuteCar.obj
 0001:0000c880       ?_Inc@const_iterator@?$_Tree@V?$_Tmap_traits@V?$basic_string@DU?$char_traits@D@std@@V?$allocator@D@2@@std@@PAV?$multimap@V?$basic_string@DU?$char_traits@D@std@@V?$allocator@D@2@@std@@V12@U?$less@V?$basic_string@DU?$char_traits@D@std@@V?$allocator@D@2@@std@@@2@V?$allocator@U?$pair@$$CBV?$basic_string@DU?$char_traits@D@std@@V?$allocator@D@2@@std@@V12@@std@@@2@@2@U?$less@V?$basic_string@DU?$char_traits@D@std@@V?$allocator@D@2@@std@@@2@V?$allocator@U?$pair@$$CBV?$basic_string@DU?$char_traits@D@std@@V?$allocator@D@2@@std@@PAV?$multimap@V?$basic_string@DU?$char_traits@D@std@@V?$allocator@D@2@@std@@V12@U?$less@V?$basic_string@DU?$char_traits@D@std@@V?$allocator@D@2@@std@@@2@V?$allocator@U?$pair@$$CBV?$basic_string@DU?$char_traits@D@std@@V?$allocator@D@2@@std@@V12@@std@@@2@@2@@std@@@2@$0A@@std@@@std@@QAEXXZ 0040d880 f i CuteCar.obj
 0001:0000c940       ?_Isnil@?$_Tree@V?$_Tmap_traits@V?$basic_string@DU?$char_traits@D@std@@V?$allocator@D@2@@std@@PAV?$multimap@V?$basic_string@DU?$char_traits@D@std@@V?$allocator@D@2@@std@@V12@U?$less@V?$basic_string@DU?$char_traits@D@std@@V?$allocator@D@2@@std@@@2@V?$allocator@U?$pair@$$CBV?$basic_string@DU?$char_traits@D@std@@V?$allocator@D@2@@std@@V12@@std@@@2@@2@U?$less@V?$basic_string@DU?$char_traits@D@std@@V?$allocator@D@2@@std@@@2@V?$allocator@U?$pair@$$CBV?$basic_string@DU?$char_traits@D@std@@V?$allocator@D@2@@std@@PAV?$multimap@V?$basic_string@DU?$char_traits@D@std@@V?$allocator@D@2@@std@@V12@U?$less@V?$basic_string@DU?$char_traits@D@std@@V?$allocator@D@2@@std@@@2@V?$allocator@U?$pair@$$CBV?$basic_string@DU?$char_traits@D@std@@V?$allocator@D@2@@std@@V12@@std@@@2@@2@@std@@@2@$0A@@std@@@std@@KAAADPAU_Node@?$_Tree_nod@V?$_Tmap_traits@V?$basic_string@DU?$char_traits@D@std@@V?$allocator@D@2@@std@@PAV?$multimap@V?$basic_string@DU?$char_traits@D@std@@V?$allocator@D@2@@std@@V12@U?$less@V?$basic_string@DU?$char_traits@D@std@@V?$allocator@D@2@@std@@@2@V?$allocator@U?$pair@$$CBV?$basic_string@DU?$char_traits@D@std@@V?$allocator@D@2@@std@@V12@@std@@@2@@2@U?$less@V?$basic_string@DU?$char_traits@D@std@@V?$allocator@D@2@@std@@@2@V?$allocator@U?$pair@$$CBV?$basic_string@DU?$char_traits@D@std@@V?$allocator@D@2@@std@@PAV?$multimap@V?$basic_string@DU?$char_traits@D@std@@V?$allocator@D@2@@std@@V12@U?$less@V?$basic_string@DU?$char_traits@D@std@@V?$allocator@D@2@@std@@@2@V?$allocator@U?$pair@$$CBV?$basic_string@DU?$char_traits@D@std@@V?$allocator@D@2@@std@@V12@@std@@@2@@2@@std@@@2@$0A@@std@@@2@@Z 0040d940 f i CuteCar.obj
 0001:0000c950       ?_Parent@?$_Tree@V?$_Tmap_traits@V?$basic_string@DU?$char_traits@D@std@@V?$allocator@D@2@@std@@PAV?$multimap@V?$basic_string@DU?$char_traits@D@std@@V?$allocator@D@2@@std@@V12@U?$less@V?$basic_string@DU?$char_traits@D@std@@V?$allocator@D@2@@std@@@2@V?$allocator@U?$pair@$$CBV?$basic_string@DU?$char_traits@D@std@@V?$allocator@D@2@@std@@V12@@std@@@2@@2@U?$less@V?$basic_string@DU?$char_traits@D@std@@V?$allocator@D@2@@std@@@2@V?$allocator@U?$pair@$$CBV?$basic_string@DU?$char_traits@D@std@@V?$allocator@D@2@@std@@PAV?$multimap@V?$basic_string@DU?$char_traits@D@std@@V?$allocator@D@2@@std@@V12@U?$less@V?$basic_string@DU?$char_traits@D@std@@V?$allocator@D@2@@std@@@2@V?$allocator@U?$pair@$$CBV?$basic_string@DU?$char_traits@D@std@@V?$allocator@D@2@@std@@V12@@std@@@2@@2@@std@@@2@$0A@@std@@@std@@KAAAPAU_Node@?$_Tree_nod@V?$_Tmap_traits@V?$basic_string@DU?$char_traits@D@std@@V?$allocator@D@2@@std@@PAV?$multimap@V?$basic_string@DU?$char_traits@D@std@@V?$allocator@D@2@@std@@V12@U?$less@V?$basic_string@DU?$char_traits@D@std@@V?$allocator@D@2@@std@@@2@V?$allocator@U?$pair@$$CBV?$basic_string@DU?$char_traits@D@std@@V?$allocator@D@2@@std@@V12@@std@@@2@@2@U?$less@V?$basic_string@DU?$char_traits@D@std@@V?$allocator@D@2@@std@@@2@V?$allocator@U?$pair@$$CBV?$basic_string@DU?$char_traits@D@std@@V?$allocator@D@2@@std@@PAV?$multimap@V?$basic_string@DU?$char_traits@D@std@@V?$allocator@D@2@@std@@V12@U?$less@V?$basic_string@DU?$char_traits@D@std@@V?$allocator@D@2@@std@@@2@V?$allocator@U?$pair@$$CBV?$basic_string@DU?$char_traits@D@std@@V?$allocator@D@2@@std@@V12@@std@@@2@@2@@std@@@2@$0A@@std@@@2@PAU342@@Z 0040d950 f i CuteCar.obj
 0001:0000c960       ?_Right@?$_Tree@V?$_Tmap_traits@V?$basic_string@DU?$char_traits@D@std@@V?$allocator@D@2@@std@@PAV?$multimap@V?$basic_string@DU?$char_traits@D@std@@V?$allocator@D@2@@std@@V12@U?$less@V?$basic_string@DU?$char_traits@D@std@@V?$allocator@D@2@@std@@@2@V?$allocator@U?$pair@$$CBV?$basic_string@DU?$char_traits@D@std@@V?$allocator@D@2@@std@@V12@@std@@@2@@2@U?$less@V?$basic_string@DU?$char_traits@D@std@@V?$allocator@D@2@@std@@@2@V?$allocator@U?$pair@$$CBV?$basic_string@DU?$char_traits@D@std@@V?$allocator@D@2@@std@@PAV?$multimap@V?$basic_string@DU?$char_traits@D@std@@V?$allocator@D@2@@std@@V12@U?$less@V?$basic_string@DU?$char_traits@D@std@@V?$allocator@D@2@@std@@@2@V?$allocator@U?$pair@$$CBV?$basic_string@DU?$char_traits@D@std@@V?$allocator@D@2@@std@@V12@@std@@@2@@2@@std@@@2@$0A@@std@@@std@@KAAAPAU_Node@?$_Tree_nod@V?$_Tmap_traits@V?$basic_string@DU?$char_traits@D@std@@V?$allocator@D@2@@std@@PAV?$multimap@V?$basic_string@DU?$char_traits@D@std@@V?$allocator@D@2@@std@@V12@U?$less@V?$basic_string@DU?$char_traits@D@std@@V?$allocator@D@2@@std@@@2@V?$allocator@U?$pair@$$CBV?$basic_string@DU?$char_traits@D@std@@V?$allocator@D@2@@std@@V12@@std@@@2@@2@U?$less@V?$basic_string@DU?$char_traits@D@std@@V?$allocator@D@2@@std@@@2@V?$allocator@U?$pair@$$CBV?$basic_string@DU?$char_traits@D@std@@V?$allocator@D@2@@std@@PAV?$multimap@V?$basic_string@DU?$char_traits@D@std@@V?$allocator@D@2@@std@@V12@U?$less@V?$basic_string@DU?$char_traits@D@std@@V?$allocator@D@2@@std@@@2@V?$allocator@U?$pair@$$CBV?$basic_string@DU?$char_traits@D@std@@V?$allocator@D@2@@std@@V12@@std@@@2@@2@@std@@@2@$0A@@std@@@2@PAU342@@Z 0040d960 f i CuteCar.obj
 0001:0000c970       ?_Min@?$_Tree@V?$_Tmap_traits@V?$basic_string@DU?$char_traits@D@std@@V?$allocator@D@2@@std@@PAV?$multimap@V?$basic_string@DU?$char_traits@D@std@@V?$allocator@D@2@@std@@V12@U?$less@V?$basic_string@DU?$char_traits@D@std@@V?$allocator@D@2@@std@@@2@V?$allocator@U?$pair@$$CBV?$basic_string@DU?$char_traits@D@std@@V?$allocator@D@2@@std@@V12@@std@@@2@@2@U?$less@V?$basic_string@DU?$char_traits@D@std@@V?$allocator@D@2@@std@@@2@V?$allocator@U?$pair@$$CBV?$basic_string@DU?$char_traits@D@std@@V?$allocator@D@2@@std@@PAV?$multimap@V?$basic_string@DU?$char_traits@D@std@@V?$allocator@D@2@@std@@V12@U?$less@V?$basic_string@DU?$char_traits@D@std@@V?$allocator@D@2@@std@@@2@V?$allocator@U?$pair@$$CBV?$basic_string@DU?$char_traits@D@std@@V?$allocator@D@2@@std@@V12@@std@@@2@@2@@std@@@2@$0A@@std@@@std@@KAPAU_Node@?$_Tree_nod@V?$_Tmap_traits@V?$basic_string@DU?$char_traits@D@std@@V?$allocator@D@2@@std@@PAV?$multimap@V?$basic_string@DU?$char_traits@D@std@@V?$allocator@D@2@@std@@V12@U?$less@V?$basic_string@DU?$char_traits@D@std@@V?$allocator@D@2@@std@@@2@V?$allocator@U?$pair@$$CBV?$basic_string@DU?$char_traits@D@std@@V?$allocator@D@2@@std@@V12@@std@@@2@@2@U?$less@V?$basic_string@DU?$char_traits@D@std@@V?$allocator@D@2@@std@@@2@V?$allocator@U?$pair@$$CBV?$basic_string@DU?$char_traits@D@std@@V?$allocator@D@2@@std@@PAV?$multimap@V?$basic_string@DU?$char_traits@D@std@@V?$allocator@D@2@@std@@V12@U?$less@V?$basic_string@DU?$char_traits@D@std@@V?$allocator@D@2@@std@@@2@V?$allocator@U?$pair@$$CBV?$basic_string@DU?$char_traits@D@std@@V?$allocator@D@2@@std@@V12@@std@@@2@@2@@std@@@2@$0A@@std@@@2@PAU342@@Z 0040d970 f i CuteCar.obj
 0001:0000c9b0       ?_Left@?$_Tree@V?$_Tmap_traits@V?$basic_string@DU?$char_traits@D@std@@V?$allocator@D@2@@std@@PAV?$multimap@V?$basic_string@DU?$char_traits@D@std@@V?$allocator@D@2@@std@@V12@U?$less@V?$basic_string@DU?$char_traits@D@std@@V?$allocator@D@2@@std@@@2@V?$allocator@U?$pair@$$CBV?$basic_string@DU?$char_traits@D@std@@V?$allocator@D@2@@std@@V12@@std@@@2@@2@U?$less@V?$basic_string@DU?$char_traits@D@std@@V?$allocator@D@2@@std@@@2@V?$allocator@U?$pair@$$CBV?$basic_string@DU?$char_traits@D@std@@V?$allocator@D@2@@std@@PAV?$multimap@V?$basic_string@DU?$char_traits@D@std@@V?$allocator@D@2@@std@@V12@U?$less@V?$basic_string@DU?$char_traits@D@std@@V?$allocator@D@2@@std@@@2@V?$allocator@U?$pair@$$CBV?$basic_string@DU?$char_traits@D@std@@V?$allocator@D@2@@std@@V12@@std@@@2@@2@@std@@@2@$0A@@std@@@std@@KAAAPAU_Node@?$_Tree_nod@V?$_Tmap_traits@V?$basic_string@DU?$char_traits@D@std@@V?$allocator@D@2@@std@@PAV?$multimap@V?$basic_string@DU?$char_traits@D@std@@V?$allocator@D@2@@std@@V12@U?$less@V?$basic_string@DU?$char_traits@D@std@@V?$allocator@D@2@@std@@@2@V?$allocator@U?$pair@$$CBV?$basic_string@DU?$char_traits@D@std@@V?$allocator@D@2@@std@@V12@@std@@@2@@2@U?$less@V?$basic_string@DU?$char_traits@D@std@@V?$allocator@D@2@@std@@@2@V?$allocator@U?$pair@$$CBV?$basic_string@DU?$char_traits@D@std@@V?$allocator@D@2@@std@@PAV?$multimap@V?$basic_string@DU?$char_traits@D@std@@V?$allocator@D@2@@std@@V12@U?$less@V?$basic_string@DU?$char_traits@D@std@@V?$allocator@D@2@@std@@@2@V?$allocator@U?$pair@$$CBV?$basic_string@DU?$char_traits@D@std@@V?$allocator@D@2@@std@@V12@@std@@@2@@2@@std@@@2@$0A@@std@@@2@PAU342@@Z 0040d9b0 f i CuteCar.obj
 0001:0000c9c0       ??$?HDU?$char_traits@D@std@@V?$allocator@D@1@@std@@YA?AV?$basic_string@DU?$char_traits@D@std@@V?$allocator@D@2@@0@PBDABV10@@Z 0040d9c0 f i CuteCar.obj
 0001:0000ca40       ??Y?$basic_string@DU?$char_traits@D@std@@V?$allocator@D@2@@std@@QAEAAV01@ABV01@@Z 0040da40 f i CuteCar.obj
 0001:0000ca60       ?append@?$basic_string@DU?$char_traits@D@std@@V?$allocator@D@2@@std@@QAEAAV12@ABV12@@Z 0040da60 f i CuteCar.obj
 0001:0000ca90       ?append@?$basic_string@DU?$char_traits@D@std@@V?$allocator@D@2@@std@@QAEAAV12@ABV12@II@Z 0040da90 f i CuteCar.obj
 0001:0000cb50       ??$?HDU?$char_traits@D@std@@V?$allocator@D@1@@std@@YA?AV?$basic_string@DU?$char_traits@D@std@@V?$allocator@D@2@@0@ABV10@PBD@Z 0040db50 f i CuteCar.obj
 0001:0000cbd0       ??Y?$basic_string@DU?$char_traits@D@std@@V?$allocator@D@2@@std@@QAEAAV01@PBD@Z 0040dbd0 f i CuteCar.obj
 0001:0000cbf0       ?append@?$basic_string@DU?$char_traits@D@std@@V?$allocator@D@2@@std@@QAEAAV12@PBD@Z 0040dbf0 f i CuteCar.obj
 0001:0000cc20       ?append@?$basic_string@DU?$char_traits@D@std@@V?$allocator@D@2@@std@@QAEAAV12@PBDI@Z 0040dc20 f i CuteCar.obj
 0001:0000ccd0       ??$?HDU?$char_traits@D@std@@V?$allocator@D@1@@std@@YA?AV?$basic_string@DU?$char_traits@D@std@@V?$allocator@D@2@@0@ABV10@0@Z 0040dcd0 f i CuteCar.obj
 0001:0000cd50       ??$?0VCuteCarFrameListener@@@?$SubscriberTemplate@_NABVEventArgs@CEGUI@@@CEGUI@@QAE@P8CuteCarFrameListener@@AE_NABVEventArgs@1@@ZPAV2@@Z 0040dd50 f i CuteCar.obj
 0001:0000cdd0       ??$copy@PAW4ItemType@@PAW41@@std@@YAPAW4ItemType@@PAW41@00@Z 0040ddd0 f i CuteCar.obj
 0001:0000ce10       ??$_Allocate@D@std@@YAPADIPAD@Z 0040de10 f i CuteCar.obj
 0001:0000ce30       ??$_Destroy_range@W4ItemType@@V?$allocator@W4ItemType@@@std@@@std@@YAXPAW4ItemType@@0AAV?$allocator@W4ItemType@@@0@@Z 0040de30 f i CuteCar.obj
 0001:0000ce70       ??0?$_memberBinder@VCuteCarFrameListener@@_NABVEventArgs@CEGUI@@@CEGUI@@QAE@P8CuteCarFrameListener@@AE_NABVEventArgs@1@@ZPAV2@@Z 0040de70 f i CuteCar.obj
 0001:0000ceb0       ??R?$_memberBinder@VCuteCarFrameListener@@_NABVEventArgs@CEGUI@@@CEGUI@@UBE_NABVEventArgs@1@@Z 0040deb0 f i CuteCar.obj
 0001:0000cee0       ??_E?$_memberBinder@VCuteCarFrameListener@@_NABVEventArgs@CEGUI@@@CEGUI@@UAEPAXI@Z 0040dee0 f i CuteCar.obj
 0001:0000cee0       ??_G?$_memberBinder@VCuteCarFrameListener@@_NABVEventArgs@CEGUI@@@CEGUI@@UAEPAXI@Z 0040dee0 f i CuteCar.obj
 0001:0000cf10       ??0?$SubscriberInterface@_NABVEventArgs@CEGUI@@@CEGUI@@QAE@XZ 0040df10 f i CuteCar.obj
 0001:0000cf30       ??_G?$SubscriberInterface@_NABVEventArgs@CEGUI@@@CEGUI@@UAEPAXI@Z 0040df30 f i CuteCar.obj
 0001:0000cf30       ??_E?$SubscriberInterface@_NABVEventArgs@CEGUI@@@CEGUI@@UAEPAXI@Z 0040df30 f i CuteCar.obj
 0001:0000cf60       ??1?$SubscriberInterface@_NABVEventArgs@CEGUI@@@CEGUI@@UAE@XZ 0040df60 f i CuteCar.obj
 0001:0000cf80       ??1?$_memberBinder@VCuteCarFrameListener@@_NABVEventArgs@CEGUI@@@CEGUI@@UAE@XZ 0040df80 f i CuteCar.obj
 0001:0000cfa0       ??$_Ptr_cat@PAW4ItemType@@PAW41@@std@@YA?AU_Nonscalar_ptr_iterator_tag@0@AAPAW4ItemType@@0@Z 0040dfa0 f i CuteCar.obj
 0001:0000cfb0       ??$_Copy_opt@PAW4ItemType@@PAW41@@std@@YAPAW4ItemType@@PAW41@00U_Nonscalar_ptr_iterator_tag@0@@Z 0040dfb0 f i CuteCar.obj
 0001:0000cfe0       ??$_Destroy_range@W4ItemType@@V?$allocator@W4ItemType@@@std@@@std@@YAXPAW4ItemType@@0AAV?$allocator@W4ItemType@@@0@U_Nonscalar_ptr_iterator_tag@0@@Z 0040dfe0 f i CuteCar.obj
 0001:0000d010       ?destroy@?$allocator@W4ItemType@@@std@@QAEXPAW4ItemType@@@Z 0040e010 f i CuteCar.obj
 0001:0000d030       ??$_Destroy@W4ItemType@@@std@@YAXPAW4ItemType@@@Z 0040e030 f i CuteCar.obj
 0001:0000d040       ??_EEventProcessor@Ogre@@W3AEPAXI@Z 0040e040 f i CuteCar.obj
 0001:0000d050       ?processEvent@EventProcessor@Ogre@@WCA@AEXPAVInputEvent@2@@Z 0040e050 f i CuteCar.obj
 0001:0000d060       ??_EEventProcessor@Ogre@@WCE@AEPAXI@Z 0040e060 f i CuteCar.obj
 0001:0000d070       ?getLeft@EventProcessor@Ogre@@WCA@BEMXZ 0040e070 f i CuteCar.obj
 0001:0000d080       ?getTop@EventProcessor@Ogre@@WCA@BEMXZ 0040e080 f i CuteCar.obj
 0001:0000d090       ?getPositionTargetParent@EventProcessor@Ogre@@WCA@BEPAVPositionTarget@2@XZ 0040e090 f i CuteCar.obj
 0001:0000d0a0       ?isKeyEnabled@EventProcessor@Ogre@@WCA@BE_NXZ 0040e0a0 f i CuteCar.obj
 0001:0000d0b0       ?processEvent@EventProcessor@Ogre@@WDM@AEXPAVInputEvent@2@@Z 0040e0b0 f i CuteCar.obj
 0001:0000d0c0       ??_EEventProcessor@Ogre@@WEA@AEPAXI@Z 0040e0c0 f i CuteCar.obj
 0001:0000d0d0       ??_ECuteCarFrameListener@@W3AEPAXI@Z 0040e0d0 f i CuteCar.obj
 0001:0000d0e0       ??_ECuteCarFrameListener@@WFI@AEPAXI@Z 0040e0e0 f i CuteCar.obj
 0001:0000d0f0       ??_ECuteCarFrameListener@@WFM@AEPAXI@Z 0040e0f0 f i CuteCar.obj
 0001:0000d100       ??_EExampleFrameListener@@W3AEPAXI@Z 0040e100 f i CuteCar.obj
 0001:0000d110       ??0id@locale@std@@QAE@I@Z  0040e110 f i CuteCar.obj
 0001:0000d130       ??0NxAllVehicle@@IAE@XZ    0040e130 f   NxAllVehicle.obj
 0001:0000d1d0       ??1NxAllVehicle@@MAE@XZ    0040e1d0 f   NxAllVehicle.obj
 0001:0000d230       ?getSingleton@NxAllVehicle@@SAPAV1@XZ 0040e230 f   NxAllVehicle.obj
 0001:0000d2e0       ?addVehicle@NxAllVehicle@@QAEPAVNxVehicle@@ABVNxVec3@@VVehicleInfo@@V?$basic_string@DU?$char_traits@D@std@@V?$allocator@D@2@@std@@PAVNxScene@@PAVNxPhysicsSDK@@@Z 0040e2e0 f   NxAllVehicle.obj
 0001:0000df90       ?setCurrentUser@NxAllVehicle@@QAEHABV?$basic_string@DU?$char_traits@D@std@@V?$allocator@D@2@@std@@@Z 0040ef90 f   NxAllVehicle.obj
 0001:0000e050       ?getUserVehicle@NxAllVehicle@@QAEPAVNxVehicle@@XZ 0040f050 f   NxAllVehicle.obj
 0001:0000e080       ?setOilAmount@NxAllVehicle@@QAEXH@Z 0040f080 f   NxAllVehicle.obj
 0001:0000e0b0       ?getOilAmount@NxAllVehicle@@QAEHXZ 0040f0b0 f   NxAllVehicle.obj
 0001:0000e0e0       ?setLoopNum@NxAllVehicle@@QAEXH@Z 0040f0e0 f   NxAllVehicle.obj
 0001:0000e110       ?getLoopNum@NxAllVehicle@@QAEHXZ 0040f110 f   NxAllVehicle.obj
 0001:0000e140       ?killUserVehicle@NxAllVehicle@@QAEXXZ 0040f140 f   NxAllVehicle.obj
 0001:0000e180       ?changeUserVehicle@NxAllVehicle@@QAEPAVNxVehicle@@XZ 0040f180 f   NxAllVehicle.obj
 0001:0000e1f0       ?control@NxAllVehicle@@QAEXHH_N@Z 0040f1f0 f   NxAllVehicle.obj
 0001:0000e240       ?standUp@NxAllVehicle@@QAEXXZ 0040f240 f   NxAllVehicle.obj
 0001:0000e270       ?setToBeginning@NxAllVehicle@@QAEXABVNxVec3@@@Z 0040f270 f   NxAllVehicle.obj
 0001:0000e2b0       ?updateAllVehicle@NxAllVehicle@@QAEXM@Z 0040f2b0 f   NxAllVehicle.obj
 0001:0000e310       ?getVehicleInfo@NxAllVehicle@@QAEPAUAllVehicleInfoNx@@XZ 0040f310 f   NxAllVehicle.obj
 0001:0000e540       ?getUserVelocity@NxAllVehicle@@QAEMXZ 0040f540 f   NxAllVehicle.obj
 0001:0000e570       ?setToSlip@NxAllVehicle@@QAEXXZ 0040f570 f   NxAllVehicle.obj
 0001:0000e5a0       ?cancleSlip@NxAllVehicle@@QAEXXZ 0040f5a0 f   NxAllVehicle.obj
 0001:0000e5d0       ?setMaxVelocity@NxAllVehicle@@QAEXM@Z 0040f5d0 f   NxAllVehicle.obj
 0001:0000e600       ??_GNxAllVehicle@@MAEPAXI@Z 0040f600 f i NxAllVehicle.obj
 0001:0000e600       ??_ENxAllVehicle@@MAEPAXI@Z 0040f600 f i NxAllVehicle.obj
 0001:0000e630       ??4NxVec3@@QAEABV0@ABV0@@Z 0040f630 f i NxAllVehicle.obj
 0001:0000e670       ?set@NxVec3@@QAEXMMM@Z     0040f670 f i NxAllVehicle.obj
 0001:0000e6a0       ??0NxWheelDesc@@QAE@XZ     0040f6a0 f i NxAllVehicle.obj
 0001:0000e6c0       ??0NxVec3@@QAE@XZ          0040f6c0 f i NxAllVehicle.obj
 0001:0000e6d0       ?setToDefault@NxWheelDesc@@QAEXXZ 0040f6d0 f i NxAllVehicle.obj
 0001:0000e760       ?setToCorvette@NxVehicleMotorDesc@@QAEXXZ 0040f760 f i NxAllVehicle.obj
 0001:0000e7f0       ?insert@NxLinearInterpolationValues@@QAEXMM@Z 0040f7f0 f i NxAllVehicle.obj
 0001:0000e870       ?max@NxMath@@SAMMM@Z       0040f870 f i NxAllVehicle.obj
 0001:0000e8a0       ?min@NxMath@@SAMMM@Z       0040f8a0 f i NxAllVehicle.obj
 0001:0000e8d0       ??0NxVehicleGearDesc@@QAE@XZ 0040f8d0 f i NxAllVehicle.obj
 0001:0000e8f0       ?setToDefault@NxVehicleGearDesc@@QAEXXZ 0040f8f0 f i NxAllVehicle.obj
 0001:0000e900       ?setToCorvette@NxVehicleGearDesc@@QAEXXZ 0040f900 f i NxAllVehicle.obj
 0001:0000e960       ??0NxQuat@@QAE@XZ          0040f960 f i NxAllVehicle.obj
 0001:0000e970       ?fromAngleAxis@NxQuat@@QAEXMABVNxVec3@@@Z 0040f970 f i NxAllVehicle.obj
 0001:0000ea70       ?sqrt@NxMath@@SAMM@Z       0040fa70 f i NxAllVehicle.obj
 0001:0000ea90       _sqrtf                     0040fa90 f i NxAllVehicle.obj
 0001:0000eab0       ?degToRad@NxMath@@SAMM@Z   0040fab0 f i NxAllVehicle.obj
 0001:0000eac0       ?sin@NxMath@@SAMM@Z        0040fac0 f i NxAllVehicle.obj
 0001:0000eae0       _sinf                      0040fae0 f i NxAllVehicle.obj
 0001:0000eb00       ?cos@NxMath@@SAMM@Z        0040fb00 f i NxAllVehicle.obj
 0001:0000eb20       _cosf                      0040fb20 f i NxAllVehicle.obj
 0001:0000eb40       ??0NxVehicleDesc@@QAE@XZ   0040fb40 f i NxAllVehicle.obj
 0001:0000ebd0       ?setToDefault@NxVehicleDesc@@QAEXXZ 0040fbd0 f i NxAllVehicle.obj
 0001:0000ec30       ??0NxBoxShapeDesc@@QAE@XZ  0040fc30 f i NxAllVehicle.obj
 0001:0000eca0       ??0NxShapeDesc@@IAE@W4NxShapeType@@@Z 0040fca0 f i NxAllVehicle.obj
 0001:0000ed20       ??1NxMat34@@QAE@XZ         0040fd20 f i NxAllVehicle.obj
 0001:0000ed40       ??1NxMat33@@QAE@XZ         0040fd40 f i NxAllVehicle.obj
 0001:0000ed50       ??0NxMat34@@QAE@_N@Z       0040fd50 f i NxAllVehicle.obj
 0001:0000edc0       ?zero@NxVec3@@QAEXXZ       0040fdc0 f i NxAllVehicle.obj
 0001:0000edf0       ??0NxMat33@@QAE@XZ         0040fdf0 f i NxAllVehicle.obj
 0001:0000ee00       ?id@NxMat33@@QAEXXZ        0040fe00 f i NxAllVehicle.obj
 0001:0000ee70       ??0NxGroupsMask@@QAE@XZ    0040fe70 f i NxAllVehicle.obj
 0001:0000ee80       ??1NxGroupsMask@@QAE@XZ    0040fe80 f i NxAllVehicle.obj
 0001:0000ee90       ??_ENxShapeDesc@@UAEPAXI@Z 0040fe90 f i NxAllVehicle.obj
 0001:0000ee90       ??_GNxShapeDesc@@UAEPAXI@Z 0040fe90 f i NxAllVehicle.obj
 0001:0000eec0       ??1NxShapeDesc@@UAE@XZ     0040fec0 f i NxAllVehicle.obj
 0001:0000ef20       ?setToDefault@NxShapeDesc@@UAEXXZ 0040ff20 f i NxAllVehicle.obj
 0001:0000efc0       ?id@NxMat34@@QAEXXZ        0040ffc0 f i NxAllVehicle.obj
 0001:0000efe0       ?isValid@NxShapeDesc@@UBE_NXZ 0040ffe0 f i NxAllVehicle.obj
 0001:0000f080       ?isFinite@NxMat34@@QBE_NXZ 00410080 f i NxAllVehicle.obj
 0001:0000f0c0       ?isFinite@NxVec3@@QBE_NXZ  004100c0 f i NxAllVehicle.obj
 0001:0000f130       ?isFinite@NxMath@@SA_NM@Z  00410130 f i NxAllVehicle.obj
 0001:0000f150       ?isFinite@NxMat33@@QBE_NXZ 00410150 f i NxAllVehicle.obj
 0001:0000f250       ??_ENxBoxShapeDesc@@UAEPAXI@Z 00410250 f i NxAllVehicle.obj
 0001:0000f250       ??_GNxBoxShapeDesc@@UAEPAXI@Z 00410250 f i NxAllVehicle.obj
 0001:0000f280       ??1NxBoxShapeDesc@@UAE@XZ  00410280 f i NxAllVehicle.obj
 0001:0000f2a0       ?setToDefault@NxBoxShapeDesc@@UAEXXZ 004102a0 f i NxAllVehicle.obj
 0001:0000f2c0       ?isValid@NxBoxShapeDesc@@UBE_NXZ 004102c0 f i NxAllVehicle.obj
 0001:0000f330       ??0NxConvexMeshDesc@@QAE@XZ 00410330 f i NxAllVehicle.obj
 0001:0000f350       ?setToDefault@NxConvexMeshDesc@@QAEXXZ 00410350 f i NxAllVehicle.obj
 0001:0000f3a0       ??0NxConvexShapeDesc@@QAE@XZ 004103a0 f i NxAllVehicle.obj
 0001:0000f400       ??_GNxConvexShapeDesc@@UAEPAXI@Z 00410400 f i NxAllVehicle.obj
 0001:0000f400       ??_ENxConvexShapeDesc@@UAEPAXI@Z 00410400 f i NxAllVehicle.obj
 0001:0000f430       ??1NxConvexShapeDesc@@UAE@XZ 00410430 f i NxAllVehicle.obj
 0001:0000f450       ?setToDefault@NxConvexShapeDesc@@UAEXXZ 00410450 f i NxAllVehicle.obj
 0001:0000f480       ?isValid@NxConvexShapeDesc@@UBE_NXZ 00410480 f i NxAllVehicle.obj
 0001:0000f4a0       ?setOilAmount@NxVehicle@@QAEXH@Z 004104a0 f i NxAllVehicle.obj
 0001:0000f4c0       ?getActor@NxVehicle@@QAEPAVNxActor@@XZ 004104c0 f i NxAllVehicle.obj
 0001:0000f4e0       ??1NxVehicleDesc@@QAE@XZ   004104e0 f i NxAllVehicle.obj
 0001:0000f530       ??0NxVehicleMotorDesc@@QAE@XZ 00410530 f i NxAllVehicle.obj
 0001:0000f550       ??0NxLinearInterpolationValues@@QAE@XZ 00410550 f i NxAllVehicle.obj
 0001:0000f580       ??1NxVehicleMotorDesc@@QAE@XZ 00410580 f i NxAllVehicle.obj
 0001:0000f5a0       ??1NxLinearInterpolationValues@@QAE@XZ 004105a0 f i NxAllVehicle.obj
 0001:0000f5c0       ??1?$map@MMU?$less@M@std@@V?$allocator@U?$pair@$$CBMM@std@@@2@@std@@QAE@XZ 004105c0 f i NxAllVehicle.obj
 0001:0000f5e0       ?getOilAmount@NxVehicle@@QAEHXZ 004105e0 f i NxAllVehicle.obj
 0001:0000f600       ?setLoopNum@NxVehicle@@QAEXH@Z 00410600 f i NxAllVehicle.obj
 0001:0000f620       ?getLoopNum@NxVehicle@@QAEHXZ 00410620 f i NxAllVehicle.obj
 0001:0000f640       ??_EAllVehicleInfoNx@@QAEPAXI@Z 00410640 f i NxAllVehicle.obj
 0001:0000f6b0       ??0AllVehicleInfoNx@@QAE@XZ 004106b0 f i NxAllVehicle.obj
 0001:0000f700       ??1AllVehicleInfoNx@@QAE@XZ 00410700 f i NxAllVehicle.obj
 0001:0000f720       ??4AllVehicleInfoNx@@QAEAAU0@ABU0@@Z 00410720 f i NxAllVehicle.obj
 0001:0000f7c0       ??4NxQuat@@QAEAAV0@ABV0@@Z 004107c0 f i NxAllVehicle.obj
 0001:0000f800       ?getDriveVelocity@NxVehicle@@QAEMXZ 00410800 f i NxAllVehicle.obj
 0001:0000f840       ?setMaxVelocity@NxVehicle@@QAEXM@Z 00410840 f i NxAllVehicle.obj
 0001:0000f860       ??0?$map@MMU?$less@M@std@@V?$allocator@U?$pair@$$CBMM@std@@@2@@std@@QAE@XZ 00410860 f i NxAllVehicle.obj
 0001:0000f890       ??A?$map@MMU?$less@M@std@@V?$allocator@U?$pair@$$CBMM@std@@@2@@std@@QAEAAMABM@Z 00410890 f i NxAllVehicle.obj
 0001:0000f930       ??1?$_Tree@V?$_Tmap_traits@MMU?$less@M@std@@V?$allocator@U?$pair@$$CBMM@std@@@2@$0A@@std@@@std@@QAE@XZ 00410930 f i NxAllVehicle.obj
 0001:0000f950       ?empty@?$_Tree@V?$_Tmap_traits@MMU?$less@M@std@@V?$allocator@U?$pair@$$CBMM@std@@@2@$0A@@std@@@std@@QBE_NXZ 00410950 f i NxAllVehicle.obj
 0001:0000f970       ?size@?$_Tree@V?$_Tmap_traits@MMU?$less@M@std@@V?$allocator@U?$pair@$$CBMM@std@@@2@$0A@@std@@@std@@QBEIXZ 00410970 f i NxAllVehicle.obj
 0001:0000f990       ??8const_iterator@?$_Tree@V?$_Tmap_traits@MMU?$less@M@std@@V?$allocator@U?$pair@$$CBMM@std@@@2@$0A@@std@@@std@@QBE_NABV012@@Z 00410990 f i NxAllVehicle.obj
 0001:0000f9b0       ??0?$NxArray@PAVNxShapeDesc@@VNxAllocatorDefault@@@@QAE@XZ 004109b0 f i NxAllVehicle.obj
 0001:0000f9e0       ??1?$NxArray@PAVNxShapeDesc@@VNxAllocatorDefault@@@@QAE@XZ 004109e0 f i NxAllVehicle.obj
 0001:0000fa30       ?pushBack@?$NxArray@PAVNxShapeDesc@@VNxAllocatorDefault@@@@QAEXABQAVNxShapeDesc@@@Z 00410a30 f i NxAllVehicle.obj
 0001:0000fa80       ?size@?$NxArray@PAVNxShapeDesc@@VNxAllocatorDefault@@@@QBEIXZ 00410a80 f i NxAllVehicle.obj
 0001:0000faa0       ??0?$NxArray@PAVNxWheelDesc@@VNxAllocatorDefault@@@@QAE@XZ 00410aa0 f i NxAllVehicle.obj
 0001:0000fad0       ??1?$NxArray@PAVNxWheelDesc@@VNxAllocatorDefault@@@@QAE@XZ 00410ad0 f i NxAllVehicle.obj
 0001:0000fb20       ?pushBack@?$NxArray@PAVNxWheelDesc@@VNxAllocatorDefault@@@@QAEXABQAVNxWheelDesc@@@Z 00410b20 f i NxAllVehicle.obj
 0001:0000fb70       ?size@?$NxArray@PAVNxWheelDesc@@VNxAllocatorDefault@@@@QBEIXZ 00410b70 f i NxAllVehicle.obj
 0001:0000fb90       ?clear@?$NxArray@PAVNxWheelDesc@@VNxAllocatorDefault@@@@QAEXXZ 00410b90 f i NxAllVehicle.obj
 0001:0000fbc0       ??0?$NxArray@PAVNxVehicle@@VNxAllocatorDefault@@@@QAE@XZ 00410bc0 f i NxAllVehicle.obj
 0001:0000fbf0       ??1?$NxArray@PAVNxVehicle@@VNxAllocatorDefault@@@@QAE@XZ 00410bf0 f i NxAllVehicle.obj
 0001:0000fc40       ?pushBack@?$NxArray@PAVNxVehicle@@VNxAllocatorDefault@@@@QAEXABQAVNxVehicle@@@Z 00410c40 f i NxAllVehicle.obj
 0001:0000fc90       ?clear@?$NxArray@PAVNxVehicle@@VNxAllocatorDefault@@@@QAEXXZ 00410c90 f i NxAllVehicle.obj
 0001:0000fcc0       ??A?$NxArray@PAVNxVehicle@@VNxAllocatorDefault@@@@QAEAAPAVNxVehicle@@I@Z 00410cc0 f i NxAllVehicle.obj
 0001:0000fce0       ??0?$NxArray@HVNxAllocatorDefault@@@@QAE@XZ 00410ce0 f i NxAllVehicle.obj
 0001:0000fd10       ??1?$NxArray@HVNxAllocatorDefault@@@@QAE@XZ 00410d10 f i NxAllVehicle.obj
 0001:0000fd60       ?pushBack@?$NxArray@HVNxAllocatorDefault@@@@QAEXABH@Z 00410d60 f i NxAllVehicle.obj
 0001:0000fdb0       ?clear@?$NxArray@HVNxAllocatorDefault@@@@QAEXXZ 00410db0 f i NxAllVehicle.obj
 0001:0000fde0       ??A?$NxArray@HVNxAllocatorDefault@@@@QAEAAHI@Z 00410de0 f i NxAllVehicle.obj
 0001:0000fe00       ??0?$NxArray@VNxVec3@@VNxAllocatorDefault@@@@QAE@XZ 00410e00 f i NxAllVehicle.obj
 0001:0000fe30       ??1?$NxArray@VNxVec3@@VNxAllocatorDefault@@@@QAE@XZ 00410e30 f i NxAllVehicle.obj
 0001:0000fe80       ?size@?$NxArray@VNxVec3@@VNxAllocatorDefault@@@@QBEIXZ 00410e80 f i NxAllVehicle.obj
 0001:0000fea0       ?pushBack@?$NxArray@VNxVec3@@VNxAllocatorDefault@@@@QAEXABVNxVec3@@@Z 00410ea0 f i NxAllVehicle.obj
 0001:0000fef0       ?pushBack@?$NxArray@VNxVec3@@VNxAllocatorDefault@@@@QAEAAVNxVec3@@XZ 00410ef0 f i NxAllVehicle.obj
 0001:0000ff40       ??A?$NxArray@VNxVec3@@VNxAllocatorDefault@@@@QAEAAVNxVec3@@I@Z 00410f40 f i NxAllVehicle.obj
 0001:0000ff60       ?_Key@?$_Tree@V?$_Tmap_traits@MMU?$less@M@std@@V?$allocator@U?$pair@$$CBMM@std@@@2@$0A@@std@@@std@@KAABMPAU_Node@?$_Tree_nod@V?$_Tmap_traits@MMU?$less@M@std@@V?$allocator@U?$pair@$$CBMM@std@@@2@$0A@@std@@@2@@Z 00410f60 f i NxAllVehicle.obj
 0001:0000ff80       ??0?$_Tree@V?$_Tmap_traits@MMU?$less@M@std@@V?$allocator@U?$pair@$$CBMM@std@@@2@$0A@@std@@@std@@QAE@ABU?$less@M@1@ABV?$allocator@U?$pair@$$CBMM@std@@@1@@Z 00410f80 f i NxAllVehicle.obj
 0001:0000ffc0       ?end@?$_Tree@V?$_Tmap_traits@MMU?$less@M@std@@V?$allocator@U?$pair@$$CBMM@std@@@2@$0A@@std@@@std@@QAE?AViterator@12@XZ 00410fc0 f i NxAllVehicle.obj
 0001:0000ffe0       ?insert@?$_Tree@V?$_Tmap_traits@MMU?$less@M@std@@V?$allocator@U?$pair@$$CBMM@std@@@2@$0A@@std@@@std@@QAE?AViterator@12@V312@ABU?$pair@$$CBMM@2@@Z 00410fe0 f i NxAllVehicle.obj
 0001:000105b0       ?begin@?$_Tree@V?$_Tmap_traits@MMU?$less@M@std@@V?$allocator@U?$pair@$$CBMM@std@@@2@$0A@@std@@@std@@QAE?AViterator@12@XZ 004115b0 f i NxAllVehicle.obj
 0001:000105e0       ?lower_bound@?$_Tree@V?$_Tmap_traits@MMU?$less@M@std@@V?$allocator@U?$pair@$$CBMM@std@@@2@$0A@@std@@@std@@QAE?AViterator@12@ABM@Z 004115e0 f i NxAllVehicle.obj
 0001:00010610       ?_Lbound@?$_Tree@V?$_Tmap_traits@MMU?$less@M@std@@V?$allocator@U?$pair@$$CBMM@std@@@2@$0A@@std@@@std@@IBEPAU_Node@?$_Tree_nod@V?$_Tmap_traits@MMU?$less@M@std@@V?$allocator@U?$pair@$$CBMM@std@@@2@$0A@@std@@@2@ABM@Z 00411610 f i NxAllVehicle.obj
 0001:000106a0       ?_Lmost@?$_Tree@V?$_Tmap_traits@MMU?$less@M@std@@V?$allocator@U?$pair@$$CBMM@std@@@2@$0A@@std@@@std@@IAEAAPAU_Node@?$_Tree_nod@V?$_Tmap_traits@MMU?$less@M@std@@V?$allocator@U?$pair@$$CBMM@std@@@2@$0A@@std@@@2@XZ 004116a0 f i NxAllVehicle.obj
 0001:000106c0       ?_Rmost@?$_Tree@V?$_Tmap_traits@MMU?$less@M@std@@V?$allocator@U?$pair@$$CBMM@std@@@2@$0A@@std@@@std@@IAEAAPAU_Node@?$_Tree_nod@V?$_Tmap_traits@MMU?$less@M@std@@V?$allocator@U?$pair@$$CBMM@std@@@2@$0A@@std@@@2@XZ 004116c0 f i NxAllVehicle.obj
 0001:000106e0       ?_Tidy@?$_Tree@V?$_Tmap_traits@MMU?$less@M@std@@V?$allocator@U?$pair@$$CBMM@std@@@2@$0A@@std@@@std@@IAEXXZ 004116e0 f i NxAllVehicle.obj
 0001:00010790       ?erase@?$_Tree@V?$_Tmap_traits@MMU?$less@M@std@@V?$allocator@U?$pair@$$CBMM@std@@@2@$0A@@std@@@std@@QAE?AViterator@12@V312@0@Z 00411790 f i NxAllVehicle.obj
 0001:00010830       ?clear@?$_Tree@V?$_Tmap_traits@MMU?$less@M@std@@V?$allocator@U?$pair@$$CBMM@std@@@2@$0A@@std@@@std@@QAEXXZ 00411830 f i NxAllVehicle.obj
 0001:00010890       ??9const_iterator@?$_Tree@V?$_Tmap_traits@MMU?$less@M@std@@V?$allocator@U?$pair@$$CBMM@std@@@2@$0A@@std@@@std@@QBE_NABV012@@Z 00411890 f i NxAllVehicle.obj
 0001:000108c0       ?_Erase@?$_Tree@V?$_Tmap_traits@MMU?$less@M@std@@V?$allocator@U?$pair@$$CBMM@std@@@2@$0A@@std@@@std@@IAEXPAU_Node@?$_Tree_nod@V?$_Tmap_traits@MMU?$less@M@std@@V?$allocator@U?$pair@$$CBMM@std@@@2@$0A@@std@@@2@@Z 004118c0 f i NxAllVehicle.obj
 0001:00010940       ?_Root@?$_Tree@V?$_Tmap_traits@MMU?$less@M@std@@V?$allocator@U?$pair@$$CBMM@std@@@2@$0A@@std@@@std@@IAEAAPAU_Node@?$_Tree_nod@V?$_Tmap_traits@MMU?$less@M@std@@V?$allocator@U?$pair@$$CBMM@std@@@2@$0A@@std@@@2@XZ 00411940 f i NxAllVehicle.obj
 0001:00010960       ??0?$allocator@U?$pair@$$CBMM@std@@@std@@QAE@XZ 00411960 f i NxAllVehicle.obj
 0001:00010970       ??R?$less@M@std@@QBE_NABM0@Z 00411970 f i NxAllVehicle.obj
 0001:000109b0       ?_Mynode@const_iterator@?$_Tree@V?$_Tmap_traits@MMU?$less@M@std@@V?$allocator@U?$pair@$$CBMM@std@@@2@$0A@@std@@@std@@QBEPAU_Node@?$_Tree_nod@V?$_Tmap_traits@MMU?$less@M@std@@V?$allocator@U?$pair@$$CBMM@std@@@2@$0A@@std@@@3@XZ 004119b0 f i NxAllVehicle.obj
 0001:000109c0       ??0?$pair@$$CBMM@std@@QAE@ABM0@Z 004119c0 f i NxAllVehicle.obj
 0001:000109f0       ?reserve@?$NxArray@PAVNxShapeDesc@@VNxAllocatorDefault@@@@QAEXI@Z 004119f0 f i NxAllVehicle.obj
 0001:00010a90       ?deallocate@?$NxArray@PAVNxShapeDesc@@VNxAllocatorDefault@@@@AAEXPAPAVNxShapeDesc@@@Z 00411a90 f i NxAllVehicle.obj
 0001:00010ac0       ?free@NxAllocatorDefault@@QAEXPAX@Z 00411ac0 f i NxAllVehicle.obj
 0001:00010ae0       ?destroy@?$NxArray@PAVNxShapeDesc@@VNxAllocatorDefault@@@@AAEXPAPAVNxShapeDesc@@0@Z 00411ae0 f i NxAllVehicle.obj
 0001:00010b10       ?reserve@?$NxArray@PAVNxWheelDesc@@VNxAllocatorDefault@@@@QAEXI@Z 00411b10 f i NxAllVehicle.obj
 0001:00010bb0       ?begin@?$NxArray@PAVNxWheelDesc@@VNxAllocatorDefault@@@@QAEPAPAVNxWheelDesc@@XZ 00411bb0 f i NxAllVehicle.obj
 0001:00010bc0       ?end@?$NxArray@PAVNxWheelDesc@@VNxAllocatorDefault@@@@QAEPAPAVNxWheelDesc@@XZ 00411bc0 f i NxAllVehicle.obj
 0001:00010be0       ?deallocate@?$NxArray@PAVNxWheelDesc@@VNxAllocatorDefault@@@@AAEXPAPAVNxWheelDesc@@@Z 00411be0 f i NxAllVehicle.obj
 0001:00010c10       ?destroy@?$NxArray@PAVNxWheelDesc@@VNxAllocatorDefault@@@@AAEXPAPAVNxWheelDesc@@0@Z 00411c10 f i NxAllVehicle.obj
 0001:00010c40       ?reserve@?$NxArray@PAVNxVehicle@@VNxAllocatorDefault@@@@QAEXI@Z 00411c40 f i NxAllVehicle.obj
 0001:00010ce0       ?begin@?$NxArray@PAVNxVehicle@@VNxAllocatorDefault@@@@QAEPAPAVNxVehicle@@XZ 00411ce0 f i NxAllVehicle.obj
 0001:00010cf0       ?end@?$NxArray@PAVNxVehicle@@VNxAllocatorDefault@@@@QAEPAPAVNxVehicle@@XZ 00411cf0 f i NxAllVehicle.obj
 0001:00010d10       ?deallocate@?$NxArray@PAVNxVehicle@@VNxAllocatorDefault@@@@AAEXPAPAVNxVehicle@@@Z 00411d10 f i NxAllVehicle.obj
 0001:00010d40       ?destroy@?$NxArray@PAVNxVehicle@@VNxAllocatorDefault@@@@AAEXPAPAVNxVehicle@@0@Z 00411d40 f i NxAllVehicle.obj
 0001:00010d70       ?reserve@?$NxArray@HVNxAllocatorDefault@@@@QAEXI@Z 00411d70 f i NxAllVehicle.obj
 0001:00010e10       ?size@?$NxArray@HVNxAllocatorDefault@@@@QBEIXZ 00411e10 f i NxAllVehicle.obj
 0001:00010e30       ?begin@?$NxArray@HVNxAllocatorDefault@@@@QAEPAHXZ 00411e30 f i NxAllVehicle.obj
 0001:00010e40       ?end@?$NxArray@HVNxAllocatorDefault@@@@QAEPAHXZ 00411e40 f i NxAllVehicle.obj
 0001:00010e60       ?deallocate@?$NxArray@HVNxAllocatorDefault@@@@AAEXPAH@Z 00411e60 f i NxAllVehicle.obj
 0001:00010e90       ?destroy@?$NxArray@HVNxAllocatorDefault@@@@AAEXPAH0@Z 00411e90 f i NxAllVehicle.obj
 0001:00010ec0       ?reserve@?$NxArray@VNxVec3@@VNxAllocatorDefault@@@@QAEXI@Z 00411ec0 f i NxAllVehicle.obj
 0001:00010f60       ?deallocate@?$NxArray@VNxVec3@@VNxAllocatorDefault@@@@AAEXPAVNxVec3@@@Z 00411f60 f i NxAllVehicle.obj
[...]
  1094 0001:00030114  1096 0001:0003011f  1100 0001:0003012e  1103 0001:0003013f
  1105 0001:0003014a  1108 0001:00030159  1109 0001:00030162  1112 0001:0003016b
  1113 0001:00030177  1114 0001:0003017d  1117 0001:00030184  1122 0001:00030190
  1123 0001:0003019c  1124 0001:000301a2  1127 0001:000301a9  1132 0001:000301bb
  1135 0001:000301c1  1136 0001:000301e1  1137 0001:00030203  1139 0001:00030219
  1142 0001:0003021b  1143 0001:00030244  1145 0001:00030266  1150 0001:00030281
  1151 0001:00030290  1154 0001:0003029f  1155 0001:000302a8  1156 0001:000302b4
  1157 0001:000302ba  1163 0001:000302c1  1164 0001:000302cd  1165 0001:000302d9
  1166 0001:000302e2  1167 0001:000302eb  1170 0001:000302f7  1174 0001:00030309
  1176 0001:0003030f  1177 0001:00030332  1178 0001:00030346  1180 0001:00030364
  1182 0001:00030366  1183 0001:00030389  1185 0001:000303a2  1190 0001:000303c9
  1192 0001:000303d1  1195 0001:000303dd  1196 0001:000303e2  1216 0001:000303f0
  1220 0001:000303f4  1224 0001:00030401  1225 0001:00030415  1228 0001:00030429
  1232 0001:00030448  1233 0001:00030461  1234 0001:0003048b  1239 0001:000304a0
  1242 0001:000304b5  1247 0001:000304cd  1248 0001:000304ff  1252 0001:0003050e
  1254 0001:00030518  1275 0001:00030520  1306 0001:00030529  1307 0001:00030543
  1310 0001:0003054b  1311 0001:00030554  1314 0001:00030581  1315 0001:0003058a
  1316 0001:0003059d  1319 0001:000305a7  1320 0001:000305b0  1321 0001:000305bc
  1322 0001:000305c8  1323 0001:000305cf  1324 0001:000305d6  1327 0001:000305f2
  1328 0001:000305f9  1329 0001:00030600  1330 0001:00030607  1331 0001:0003062b
  1334 0001:0003063e  1337 0001:0003064b  1338 0001:0003065e  1341 0001:00030668
  1342 0001:0003066e  1345 0001:0003068a  1347 0001:00030693  1351 0001:0003069f
  1352 0001:000306b0  1358 0001:000306ba  1359 0001:000306cb  1362 0001:000306d6
  1365 0001:000306df  1366 0001:000306e8  1369 0001:000306f2  1371 0001:000306fb
  1375 0001:000306fd  1376 0001:0003070c  1377 0001:00030715  1378 0001:0003071f
  1383 0001:0003073c  1384 0001:00030753  1388 0001:0003075d  1389 0001:0003076e
  1392 0001:00030778  1394 0001:00030781  1397 0001:0003078d  1398 0001:00030795
  1401 0001:0003079f  1402 0001:000307aa  1405 0001:000307af  1406 0001:000307b9
  1410 0001:000307c3  1411 0001:000307c9  1415 0001:000307f1  1416 0001:000307f8
  1418 0001:000307fe  1422 0001:00030829  1423 0001:0003083e  1427 0001:00030848
  1431 0001:00030854  1433 0001:0003085d  1437 0001:00030868  1440 0001:00030870
  1441 0001:00030878  1445 0001:0003087a  1446 0001:00030888  1449 0001:0003088a
  1450 0001:00030892  1454 0001:0003089c  1455 0001:000308ad  1456 0001:000308b6
  1457 0001:000308c0  1458 0001:000308ce  1462 0001:000308d8  1463 0001:000308e3
  1466 0001:000308ed  1467 0001:000308f3  1468 0001:000308fc  1472 0001:00030901
  1474 0001:00030907  1476 0001:00030910  1477 0001:00030923  1479 0001:00030936
  1481 0001:00030938  1482 0001:0003094e  1488 0001:00030964  1489 0001:00030981
  1493 0001:0003098b  1494 0001:00030996  1498 0001:000309a0  1499 0001:000309a9
  1504 0001:000309ae  1505 0001:000309cf  1508 0001:000309d6  1509 0001:000309e2
  1510 0001:000309ed  1511 0001:000309fb  1515 0001:00030a00  1516 0001:00030a15
  1519 0001:00030a1c  1520 0001:00030a25  1521 0001:00030a2a  1522 0001:00030a2c

Line numbers for D:\Program Files\Microsoft Visual Studio .NET 2003\Vc7\lib\LIBCMTD.lib(f:\vs70builds\3077\vc\crtbld\crt\src\realloc.c) segment .text

    64 0001:0002e9a0    66 0001:0002e9c3    69 0001:0002e9c9    70 0001:0002e9cf
    73 0001:0002e9e0    75 0001:0002e9e6    76 0001:0002e9f2    81 0001:0002e9f9
    88 0001:0002ea06    89 0001:0002ea0d    92 0001:0002ea17    93 0001:0002ea21
    98 0001:0002ea28   102 0001:0002ea41   104 0001:0002ea50   105 0001:0002ea68
   106 0001:0002ea6e   109 0001:0002ea85   110 0001:0002ea91   112 0001:0002eabb
   113 0001:0002eaca   120 0001:0002eada   122 0001:0002eae0   123 0001:0002eae6
   125 0001:0002eaed   126 0001:0002eaf9   129 0001:0002eb15   130 0001:0002eb21
   131 0001:0002eb4b   140 0001:0002eb69   146 0001:0002eb74   148 0001:0002eb7a
   149 0001:0002eb80   151 0001:0002eb87   152 0001:0002eb93   156 0001:0002ebad
   163 0001:0002ebbc   167 0001:0002ebc1   168 0001:0002ebd1   171 0001:0002ebd5
   267 0001:0002ebda   268 0001:0002ebe1   270 0001:0002ebe7   271 0001:0002ebed
   272 0001:0002ebf4   275 0001:0002ec0e   282 0001:0002ec1d   286 0001:0002ec22
   287 0001:0002ec32   290 0001:0002ec36   292 0001:0002ec38

Line numbers for D:\Program Files\Microsoft Visual Studio .NET 2003\Vc7\lib\LIBCMTD.lib(f:\vs70builds\3077\vc\crtbld\crt\src\malloc.c) segment .text

    53 0001:0002e720    54 0001:0002e724    58 0001:0002e739    59 0001:0002e73c
    90 0001:0002e740    94 0001:0002e744    95 0001:0002e74a   105 0001:0002e74e
   106 0001:0002e754   107 0001:0002e763   108 0001:0002e765   113 0001:0002e76c
   114 0001:0002e778   117 0001:0002e77d   118 0001:0002e78d   121 0001:0002e791
   122 0001:0002e793   142 0001:0002e7a0   152 0001:0002e7c3   156 0001:0002e7cc
   159 0001:0002e7d7   160 0001:0002e7e1   162 0001:0002e7e8   166 0001:0002e805
   169 0001:0002e810   170 0001:0002e816   205 0001:0002e81b   206 0001:0002e821
   208 0001:0002e828   209 0001:0002e831   211 0001:0002e83d   212 0001:0002e850

Line numbers for D:\Program Files\Microsoft Visual Studio .NET 2003\Vc7\lib\LIBCMTD.lib(f:\vs70builds\3077\vc\crtbld\crt\src\heapinit.c) segment .text

    69 0001:0002ed20    70 0001:0002ed24   123 0001:0002ed2b   124 0001:0002ed3d
   139 0001:0002ed44   142 0001:0002ed49   170 0001:0002ed50   173 0001:0002ed53
   174 0001:0002ed78   178 0001:0002ed7c   180 0001:0002ed86   183 0001:0002ed8f
   185 0001:0002eda0   186 0001:0002edad   201 0001:0002edb1   202 0001:0002edb6
   223 0001:0002edc0   226 0001:0002edc6   228 0001:0002edd3   232 0001:0002eddb
   235 0001:0002edf8   236 0001:0002ee0f   239 0001:0002ee23   241 0001:0002ee38
   242 0001:0002ee41   244 0001:0002ee43   263 0001:0002ee58   264 0001:0002ee65
   282 0001:0002ee70   283 0001:0002ee73   284 0001:0002ee78

Line numbers for D:\Program Files\Microsoft Visual Studio .NET 2003\Vc7\lib\LIBCMTD.lib(f:\vs70builds\3077\vc\crtbld\crt\src\heapchk.c) segment .text

    62 0001:0002ec50    63 0001:0002ec73    66 0001:0002ec7a    69 0001:0002ec83
    70 0001:0002ec8d    73 0001:0002ec94    74 0001:0002ec9d    79 0001:0002ecb2
   104 0001:0002ecbd   106 0001:0002ecd1   108 0001:0002ecdc   109 0001:0002ece7
   111 0001:0002ecf2   112 0001:0002ecf4   114 0001:0002ecfb   115 0001:0002ecfe
   122 0001:0002ed10   123 0001:0002ed13   124 0001:0002ed18

Line numbers for D:\Program Files\Microsoft Visual Studio .NET 2003\Vc7\lib\LIBCMTD.lib(f:\vs70builds\3077\vc\crtbld\crt\src\free.c) segment .text

    42 0001:000297e0    45 0001:00029803    46 0001:00029809    51 0001:0002980e
    56 0001:00029817    57 0001:00029821    60 0001:00029828    61 0001:0002983d
    66 0001:0002985b    70 0001:00029866    71 0001:0002986c    98 0001:0002987f
   101 0001:00029881   103 0001:00029893

Line numbers for D:\Program Files\Microsoft Visual Studio .NET 2003\Vc7\lib\LIBCMTD.lib(f:\vs70builds\3077\vc\crtbld\crt\src\expand.c) segment .text

    57 0001:0002e880    62 0001:0002e8a3    63 0001:0002e8a9    66 0001:0002e8b0
    71 0001:0002e8bd    72 0001:0002e8c7    77 0001:0002e8ce    79 0001:0002e8e3
    81 0001:0002e8ea    82 0001:0002e90d    88 0001:0002e921    92 0001:0002e92c
    95 0001:0002e932    96 0001:0002e938    97 0001:0002e93f   100 0001:0002e94b
   149 0001:0002e964   153 0001:0002e966   154 0001:0002e96c   157 0001:0002e973
   167 0001:0002e98c   168 0001:0002e98f

Line numbers for D:\Program Files\Microsoft Visual Studio .NET 2003\Vc7\lib\LIBCMTD.lib(f:\vs70builds\3077\vc\crtbld\crt\src\resetstk.c) segment .text

    30 0001:00041710    40 0001:00041716    44 0001:00041729    45 0001:0004173d
    46 0001:00041744    51 0001:0004174a    52 0001:00041754    55 0001:0004175a
    63 0001:0004176b    65 0001:00041788    66 0001:00041790    73 0001:00041797
    77 0001:000417a0    79 0001:000417a6    80 0001:000417ba    81 0001:000417c1
    82 0001:000417ca    83 0001:000417d5    88 0001:000417db    89 0001:000417e5
    94 0001:000417ec    95 0001:000417f4   100 0001:000417f8   101 0001:00041800
   103 0001:00041806   105 0001:0004181b   106 0001:0004181d   113 0001:00041823
   115 0001:0004183c   116 0001:00041852

Line numbers for D:\Program Files\Microsoft Visual Studio .NET 2003\Vc7\lib\LIBCMTD.lib(f:\vs70builds\3077\vc\crtbld\crt\src\dosmap.c) segment .text

   110 0001:0002c8f0   113 0001:0002c8f4   116 0001:0002c8fe   117 0001:0002c916
   118 0001:0002c925   119 0001:0002c936   121 0001:0002c938   127 0001:0002c93a
   128 0001:0002c946   129 0001:0002c951   130 0001:0002c965   131 0001:0002c970
   132 0001:0002c972   133 0001:0002c97d   160 0001:0002c990   161 0001:0002c993
   162 0001:0002c99b   167 0001:0002c9a0   168 0001:0002c9a3   169 0001:0002c9ab

Line numbers for D:\Program Files\Microsoft Visual Studio .NET 2003\Vc7\lib\LIBCMTD.lib(f:\vs70builds\3077\vc\crtbld\crt\src\xtoa.c) segment .text

    92 0001:00032710    93 0001:00032713    94 0001:0003271f    95 0001:00032735
    96 0001:00032737    97 0001:0003274d    98 0001:00032750    43 0001:00032760
    49 0001:00032766    51 0001:0003276c    53 0001:00032772    54 0001:00032781
    57 0001:00032789    60 0001:0003278f    61 0001:0003279a    64 0001:000327a5
    65 0001:000327ab    66 0001:000327bf    67 0001:000327c1    68 0001:000327d5
    73 0001:000327db    76 0001:000327ea    77 0001:000327f2    78 0001:000327fc
    79 0001:00032804    80 0001:0003280d    81 0001:00032816    82 0001:0003281e
   105 0001:00032830   106 0001:00032834   107 0001:00032868   108 0001:0003286b
   115 0001:00032870   116 0001:00032873   117 0001:00032889   118 0001:0003288c
   177 0001:00032890   178 0001:00032894   179 0001:000328d1   180 0001:000328d4
   128 0001:000328e0   134 0001:000328e6   136 0001:000328ec   138 0001:000328f2
   139 0001:00032901   142 0001:00032914   145 0001:0003291a   146 0001:00032931
   149 0001:0003294b   150 0001:00032951   151 0001:00032965   152 0001:00032967
   153 0001:0003297b   158 0001:00032989   161 0001:00032998   162 0001:000329a0
   163 0001:000329aa   164 0001:000329b2   165 0001:000329bb   166 0001:000329c4
   167 0001:000329cc   187 0001:000329e0   188 0001:000329e3   189 0001:000329fa
   190 0001:000329fd

Line numbers for D:\Program Files\Microsoft Visual Studio .NET 2003\Vc7\lib\LIBCMTD.lib(f:\vs70builds\3077\vc\crtbld\crt\src\wctomb.c) segment .text

    48 0001:00038170    50 0001:00038174    52 0001:0003817f    53 0001:0003818a
    55 0001:00038192    56 0001:000381a7    63 0001:000381b0    65 0001:000381b6
    67 0001:000381bc    71 0001:000381c3    76 0001:000381cc    78 0001:000381d8
    79 0001:000381e3    82 0001:000381e8    83 0001:000381f0    88 0001:000381f7
   106 0001:000381fe   108 0001:00038233   109 0001:0003823e   112 0001:00038243
   115 0001:00038246

Line numbers for D:\Program Files\Microsoft Visual Studio .NET 2003\Vc7\lib\LIBCMTD.lib(f:\vs70builds\3077\vc\crtbld\crt\src\tolower.c) segment .text

    47 0001:00036620    48 0001:00036623    49 0001:00036629    72 0001:00036630
    75 0001:00036634    77 0001:0003663f    78 0001:0003664a    80 0001:00036652
    81 0001:00036662   101 0001:00036670   115 0001:00036676   116 0001:0003668e
   120 0001:000366b3   123 0001:000366bc   128 0001:000366f7   134 0001:000366ff
   139 0001:0003671f   140 0001:0003672e   141 0001:00036734   142 0001:00036738
   143 0001:0003673f   144 0001:00036741   145 0001:00036747   146 0001:0003674b
   165 0001:00036752   167 0001:00036786   171 0001:0003678b   172 0001:00036791
   174 0001:00036797   176 0001:000367a4

Line numbers for D:\Program Files\Microsoft Visual Studio .NET 2003\Vc7\lib\LIBCMTD.lib(f:\vs70builds\3077\vc\crtbld\crt\src\isctype.c) segment .text

    55 0001:00031ce0    56 0001:00031ce3    57 0001:00031d0e    58 0001:00031d1d
    67 0001:00031d20    68 0001:00031d23    69 0001:00031d4e    70 0001:00031d5e
   106 0001:00031d60   108 0001:00031d64   110 0001:00031d6f   111 0001:00031d7a
   113 0001:00031d82   114 0001:00031d96   121 0001:00031da0   128 0001:00031da6
   130 0001:00031db3   136 0001:00031dc8   141 0001:00031de9   142 0001:00031df7
   143 0001:00031dfd   144 0001:00031e01   145 0001:00031e08   146 0001:00031e0a
   147 0001:00031e10   148 0001:00031e14   162 0001:00031e1b   164 0001:00031e45
   167 0001:00031e49   168 0001:00031e50

Line numbers for D:\Program Files\Microsoft Visual Studio .NET 2003\Vc7\lib\LIBCMTD.lib(f:\vs70builds\3077\vc\crtbld\crt\src\atox.c) segment .text

    48 0001:00041f30    53 0001:00041f36    55 0001:00041f41    56 0001:00041f4c
    59 0001:00041f54    63 0001:00041f95    65 0001:00041fa0    66 0001:00041fb2
    67 0001:00041fb8    68 0001:00041fc4    70 0001:00041fd6    72 0001:00041fdd
    73 0001:00042007    74 0001:00042013    75 0001:00042025    77 0001:00042027
    78 0001:0004202d    80 0001:00042034    81 0001:00042037   106 0001:00042040
   107 0001:00042043   108 0001:0004204f   115 0001:00042060   120 0001:00042067
   122 0001:00042072   123 0001:0004207d   126 0001:00042085   130 0001:000420c6
   132 0001:000420d1   133 0001:000420e3   134 0001:000420e9   135 0001:000420f5
   137 0001:00042107   139 0001:00042115   140 0001:0004213f   141 0001:00042162
   142 0001:00042174   144 0001:00042176   145 0001:0004217c   147 0001:0004218b
   148 0001:00042191

Line numbers for D:\Program Files\Microsoft Visual Studio .NET 2003\Vc7\lib\LIBCMTD.lib(f:\vs70builds\3077\vc\crtbld\crt\src\_fptostr.c) segment .text

    46 0001:00036fa0    47 0001:00036fa6    48 0001:00036fac    56 0001:00036fb5
    62 0001:00036fc4    63 0001:00036fca    64 0001:00037000    65 0001:00037009
    66 0001:0003700b    73 0001:00037011    74 0001:00037022    75 0001:0003702b
    76 0001:00037036    77 0001:00037047    80 0001:00037055    85 0001:00037060
    87 0001:0003706f    91 0001:00037071    93 0001:00037097

Line numbers for D:\Program Files\Microsoft Visual Studio .NET 2003\Vc7\lib\LIBCMTD.lib(f:\vs70builds\3077\vc\crtbld\crt\src\_ctype.c) segment .text

    46 0001:00036110    48 0001:00036116    50 0001:00036121    51 0001:0003612c
    53 0001:00036134    57 0001:00036172    62 0001:00036180    64 0001:00036186
    66 0001:00036191    67 0001:0003619c    69 0001:000361a4    73 0001:000361dc
    78 0001:000361e0    80 0001:000361e6    82 0001:000361f1    83 0001:000361fc
    85 0001:00036204    89 0001:0003623c    94 0001:00036240    96 0001:00036246
    98 0001:00036251    99 0001:0003625c   101 0001:00036264   105 0001:0003629c
   110 0001:000362a0   112 0001:000362a6   114 0001:000362b1   115 0001:000362bc
   117 0001:000362c4   121 0001:00036302   126 0001:00036310   128 0001:00036316
   130 0001:00036321   131 0001:0003632c   133 0001:00036334   137 0001:0003636c
   142 0001:00036370   144 0001:00036376   146 0001:00036381   147 0001:0003638c
   149 0001:00036394   153 0001:000363cc   158 0001:000363d0   160 0001:000363d6
   162 0001:000363e1   163 0001:000363ec   165 0001:000363f4   169 0001:00036432
   174 0001:00036440   176 0001:00036446   178 0001:00036451   179 0001:0003645c
   181 0001:00036464   185 0001:000364a2   190 0001:000364b0   192 0001:000364b6
   194 0001:000364c1   195 0001:000364cc   197 0001:000364d4   201 0001:00036512
   206 0001:00036520   208 0001:00036526   210 0001:00036531   211 0001:0003653c
   213 0001:00036544   217 0001:0003657c   222 0001:00036580   223 0001:00036583
   224 0001:0003658e   229 0001:00036590   230 0001:00036593   231 0001:00036599
   236 0001:000365a0   237 0001:000365a4   238 0001:000365cd   243 0001:000365e0
   244 0001:000365e4   245 0001:0003660d

Line numbers for C:\Program Files\AGEIA Technologies\AGEIA PhysX SDK\v2.3.2\Samples\SampleCommonCode\lib\win32\SampleCommonCodeDEBUG.lib(c:\program files\ageia technologies\ageia physx sdk\v2.3.2\samples\samplecommoncode\src\stream.h) segment .text

    36 0001:00044520    37 0001:00044550    38 0001:00044580    39 0001:000445b0
    40 0001:000445e0    41 0001:00044610    68 0001:00044920    69 0001:00044950
    70 0001:00044980    71 0001:000449b0    72 0001:000449e0    73 0001:00044a10

Line numbers for C:\Program Files\AGEIA Technologies\AGEIA PhysX SDK\v2.3.2\Samples\SampleCommonCode\lib\win32\SampleCommonCodeDEBUG.lib(c:\program files\ageia technologies\ageia physx sdk\v2.3.2\sdks\foundation\include\nxstream.h) segment .text

    38 0001:00044040    43 0001:00044090

Line numbers for C:\Program Files\AGEIA Technologies\AGEIA PhysX SDK\v2.3.2\Samples\SampleCommonCode\lib\win32\SampleCommonCodeDEBUG.lib(c:\program files\ageia technologies\ageia physx sdk\v2.3.2\samples\samplecommoncode\src\stream.cpp) segment .text

     6 0001:00043fe0     7 0001:00044004     8 0001:00044032    11 0001:000440e0
    12 0001:000440f0    13 0001:00044108    17 0001:00044120    19 0001:00044129
    20 0001:00044143    21 0001:0004415d    22 0001:00044160    25 0001:00044170
    27 0001:00044179    28 0001:00044193    29 0001:000441ad    30 0001:000441b1
    33 0001:000441c0    35 0001:000441c9    36 0001:000441e3    37 0001:000441fd
    38 0001:00044200    41 0001:00044210    43 0001:00044219    44 0001:00044233
    45 0001:0004424d    46 0001:00044250    49 0001:00044260    51 0001:00044269
    52 0001:00044283    53 0001:0004429d    54 0001:000442a0    57 0001:000442b0
    58 0001:000442b9    59 0001:000442d5    60 0001:000442ef    64 0001:00044300
    65 0001:00044309    66 0001:00044323    67 0001:0004433d    68 0001:00044340
    71 0001:00044350    72 0001:00044359    73 0001:00044373    74 0001:0004438d
    75 0001:00044390    78 0001:000443a0    79 0001:000443a9    80 0001:000443c3
    81 0001:000443dd    82 0001:000443e0    85 0001:000443f0    86 0001:000443f9
    87 0001:00044413    88 0001:0004442d    89 0001:00044430    92 0001:00044440
    93 0001:00044449    94 0001:00044463    95 0001:0004447d    96 0001:00044480
    99 0001:00044490   100 0001:00044499   101 0001:000444b5   102 0001:000444cf
   103 0001:000444d2   109 0001:000444e0   110 0001:00044516   113 0001:00044670
   114 0001:0004469e   116 0001:000446a7   117 0001:000446bc   119 0001:000446c6
   122 0001:000446f0   123 0001:000446f7   124 0001:00044701   127 0001:00044710
   128 0001:00044717   129 0001:00044728   130 0001:0004472b   132 0001:00044740
   133 0001:00044747   134 0001:00044758   135 0001:0004475b   137 0001:00044770
   138 0001:00044777   139 0001:00044788   140 0001:0004478b   142 0001:000447a0
   143 0001:000447a7   144 0001:000447b8   145 0001:000447bb   147 0001:000447d0
   148 0001:000447d7   149 0001:000447e8   150 0001:000447eb   152 0001:00044800
   153 0001:0004480b   154 0001:00044817   156 0001:00044826   158 0001:00044835
   159 0001:0004484d   161 0001:0004486a   163 0001:00044873   164 0001:00044890
   166 0001:000448a5   168 0001:000448ae   169 0001:000448ce   170 0001:000448dd
   171 0001:000448e0   175 0001:000448f0   176 0001:00044911   179 0001:00044a70
   181 0001:00044a80   184 0001:00044a90   186 0001:00044a99   187 0001:00044aa4
   188 0001:00044ab3   189 0001:00044ab6   192 0001:00044ac0   194 0001:00044ac9
   195 0001:00044ad6   196 0001:00044ae5   197 0001:00044ae9   200 0001:00044af0
   202 0001:00044af9   203 0001:00044b04   204 0001:00044b13   205 0001:00044b16
   208 0001:00044b20   210 0001:00044b29   211 0001:00044b34   212 0001:00044b43
   213 0001:00044b46   216 0001:00044b50   218 0001:00044b59   219 0001:00044b6a
   220 0001:00044b79   221 0001:00044b7c   224 0001:00044b80   225 0001:00044b89
   226 0001:00044ba3   227 0001:00044bb2

Line numbers for D:\Program Files\Microsoft Visual Studio .NET 2003\Vc7\lib\libcpmtd.lib(f:\vs70builds\3077\vc\crtbld\crt\src\string.cpp) segment .text

     7 0001:00044c10     8 0001:00044c2e     9 0001:00044c5c    12 0001:00044c70
    13 0001:00044c8e    14 0001:00044cbc
